Archive member included to satisfy reference by file (symbol)

third-party/MCU_Libs/retarget/libretarget.a(retarget.c.obj)
                              CMakeFiles/MEMS.elf.dir/Core/Src/main.cpp.obj (RetargetInit)
third-party/MCU_Libs/Timer/libTimer.a(Timer.cpp.obj)
                              CMakeFiles/MEMS.elf.dir/Core/Src/main.cpp.obj (Timer::startTimer())
third-party/MCU_Libs/AD5667/libAD5667.a(AD5667.cpp.obj)
                              CMakeFiles/MEMS.elf.dir/Core/Src/main.cpp.obj (AD5667::AD5667(I2C_HandleTypeDef*, GPIO const&, GPIO const&, unsigned short))
/Applications/ArmGNUToolchain/12.2.mpacbti-rel1/arm-none-eabi/bin/../lib/gcc/arm-none-eabi/12.2.1/thumb/v7-m/nofp/libgcc.a(_arm_muldf3.o)
                              third-party/MCU_Libs/Timer/libTimer.a(Timer.cpp.obj) (__aeabi_dmul)
/Applications/ArmGNUToolchain/12.2.mpacbti-rel1/arm-none-eabi/bin/../lib/gcc/arm-none-eabi/12.2.1/thumb/v7-m/nofp/libgcc.a(_arm_mulsf3.o)
                              third-party/MCU_Libs/Timer/libTimer.a(Timer.cpp.obj) (__aeabi_fmul)
/Applications/ArmGNUToolchain/12.2.mpacbti-rel1/arm-none-eabi/bin/../lib/gcc/arm-none-eabi/12.2.1/thumb/v7-m/nofp/libgcc.a(_arm_addsubdf3.o)
                              third-party/MCU_Libs/Timer/libTimer.a(Timer.cpp.obj) (__aeabi_dsub)
/Applications/ArmGNUToolchain/12.2.mpacbti-rel1/arm-none-eabi/bin/../lib/gcc/arm-none-eabi/12.2.1/thumb/v7-m/nofp/libgcc.a(_arm_muldivdf3.o)
                              third-party/MCU_Libs/Timer/libTimer.a(Timer.cpp.obj) (__aeabi_ddiv)
/Applications/ArmGNUToolchain/12.2.mpacbti-rel1/arm-none-eabi/bin/../lib/gcc/arm-none-eabi/12.2.1/thumb/v7-m/nofp/libgcc.a(_arm_fixunsdfsi.o)
                              third-party/MCU_Libs/Timer/libTimer.a(Timer.cpp.obj) (__aeabi_d2uiz)
/Applications/ArmGNUToolchain/12.2.mpacbti-rel1/arm-none-eabi/bin/../lib/gcc/arm-none-eabi/12.2.1/thumb/v7-m/nofp/libgcc.a(_arm_truncdfsf2.o)
                              third-party/MCU_Libs/Timer/libTimer.a(Timer.cpp.obj) (__aeabi_d2f)
/Applications/ArmGNUToolchain/12.2.mpacbti-rel1/arm-none-eabi/bin/../lib/gcc/arm-none-eabi/12.2.1/thumb/v7-m/nofp/libgcc.a(_arm_addsubsf3.o)
                              CMakeFiles/MEMS.elf.dir/Core/Src/main.cpp.obj (__aeabi_fsub)
/Applications/ArmGNUToolchain/12.2.mpacbti-rel1/arm-none-eabi/bin/../lib/gcc/arm-none-eabi/12.2.1/thumb/v7-m/nofp/libgcc.a(_arm_cmpsf2.o)
                              CMakeFiles/MEMS.elf.dir/Core/Src/main.cpp.obj (__aeabi_fcmpgt)
/Applications/ArmGNUToolchain/12.2.mpacbti-rel1/arm-none-eabi/bin/../lib/gcc/arm-none-eabi/12.2.1/thumb/v7-m/nofp/libgcc.a(_arm_fixunssfsi.o)
                              third-party/MCU_Libs/Timer/libTimer.a(Timer.cpp.obj) (__aeabi_f2uiz)
/Applications/ArmGNUToolchain/12.2.mpacbti-rel1/arm-none-eabi/bin/../lib/gcc/arm-none-eabi/12.2.1/thumb/v7-m/nofp/libgcc.a(unwind-arm.o)
                              CMakeFiles/MEMS.elf.dir/Core/Src/MirrorcleMems.cpp.obj (__aeabi_unwind_cpp_pr0)
/Applications/ArmGNUToolchain/12.2.mpacbti-rel1/arm-none-eabi/bin/../lib/gcc/arm-none-eabi/12.2.1/thumb/v7-m/nofp/libgcc.a(libunwind.o)
                              /Applications/ArmGNUToolchain/12.2.mpacbti-rel1/arm-none-eabi/bin/../lib/gcc/arm-none-eabi/12.2.1/thumb/v7-m/nofp/libgcc.a(unwind-arm.o) (restore_core_regs)
/Applications/ArmGNUToolchain/12.2.mpacbti-rel1/arm-none-eabi/bin/../lib/gcc/arm-none-eabi/12.2.1/thumb/v7-m/nofp/libgcc.a(pr-support.o)
                              /Applications/ArmGNUToolchain/12.2.mpacbti-rel1/arm-none-eabi/bin/../lib/gcc/arm-none-eabi/12.2.1/thumb/v7-m/nofp/libgcc.a(unwind-arm.o) (__gnu_unwind_execute)
/Applications/ArmGNUToolchain/12.2.mpacbti-rel1/arm-none-eabi/bin/../lib/gcc/arm-none-eabi/12.2.1/../../../../arm-none-eabi/lib/thumb/v7-m/nofp/libg.a(libc_a-abort.o)
                              /Applications/ArmGNUToolchain/12.2.mpacbti-rel1/arm-none-eabi/bin/../lib/gcc/arm-none-eabi/12.2.1/thumb/v7-m/nofp/libgcc.a(pr-support.o) (abort)
/Applications/ArmGNUToolchain/12.2.mpacbti-rel1/arm-none-eabi/bin/../lib/gcc/arm-none-eabi/12.2.1/../../../../arm-none-eabi/lib/thumb/v7-m/nofp/libg.a(libc_a-exit.o)
                              /Applications/ArmGNUToolchain/12.2.mpacbti-rel1/arm-none-eabi/bin/../lib/gcc/arm-none-eabi/12.2.1/../../../../arm-none-eabi/lib/thumb/v7-m/nofp/crt0.o (exit)
/Applications/ArmGNUToolchain/12.2.mpacbti-rel1/arm-none-eabi/bin/../lib/gcc/arm-none-eabi/12.2.1/../../../../arm-none-eabi/lib/thumb/v7-m/nofp/libg.a(libc_a-printf.o)
                              third-party/MCU_Libs/Timer/libTimer.a(Timer.cpp.obj) (printf)
/Applications/ArmGNUToolchain/12.2.mpacbti-rel1/arm-none-eabi/bin/../lib/gcc/arm-none-eabi/12.2.1/../../../../arm-none-eabi/lib/thumb/v7-m/nofp/libg.a(libc_a-vfprintf.o)
                              /Applications/ArmGNUToolchain/12.2.mpacbti-rel1/arm-none-eabi/bin/../lib/gcc/arm-none-eabi/12.2.1/../../../../arm-none-eabi/lib/thumb/v7-m/nofp/libg.a(libc_a-printf.o) (_vfprintf_r)
[...]
Memory Configuration

Name             Origin             Length             Attributes
RAM              0x20000000         0x00005000         xrw
FLASH            0x08000000         0x00020000         xr
*default*        0x00000000         0xffffffff

Linker script and memory map

LOAD /Applications/ArmGNUToolchain/12.2.mpacbti-rel1/arm-none-eabi/bin/../lib/gcc/arm-none-eabi/12.2.1/thumb/v7-m/nofp/crti.o
LOAD /Applications/ArmGNUToolchain/12.2.mpacbti-rel1/arm-none-eabi/bin/../lib/gcc/arm-none-eabi/12.2.1/thumb/v7-m/nofp/crtbegin.o
LOAD /Applications/ArmGNUToolchain/12.2.mpacbti-rel1/arm-none-eabi/bin/../lib/gcc/arm-none-eabi/12.2.1/../../../../arm-none-eabi/lib/thumb/v7-m/nofp/crt0.o
LOAD CMakeFiles/MEMS.elf.dir/Core/Src/MirrorcleMems.cpp.obj
LOAD CMakeFiles/MEMS.elf.dir/Core/Src/gpio.c.obj
LOAD CMakeFiles/MEMS.elf.dir/Core/Src/i2c.c.obj
LOAD CMakeFiles/MEMS.elf.dir/Core/Src/main.cpp.obj
LOAD CMakeFiles/MEMS.elf.dir/Core/Src/spi.c.obj
LOAD CMakeFiles/MEMS.elf.dir/Core/Src/stm32f1xx_hal_msp.c.obj
LOAD CMakeFiles/MEMS.elf.dir/Core/Src/stm32f1xx_it.c.obj
LOAD CMakeFiles/MEMS.elf.dir/Core/Src/system_stm32f1xx.c.obj
LOAD CMakeFiles/MEMS.elf.dir/Core/Src/tim.c.obj
LOAD CMakeFiles/MEMS.elf.dir/Core/Src/usart.c.obj
LOAD CMakeFiles/MEMS.elf.dir/Drivers/STM32F1xx_HAL_Driver/Src/stm32f1xx_hal.c.obj
LOAD CMakeFiles/MEMS.elf.dir/Drivers/STM32F1xx_HAL_Driver/Src/stm32f1xx_hal_cortex.c.obj
LOAD CMakeFiles/MEMS.elf.dir/Drivers/STM32F1xx_HAL_Driver/Src/stm32f1xx_hal_dma.c.obj
LOAD CMakeFiles/MEMS.elf.dir/Drivers/STM32F1xx_HAL_Driver/Src/stm32f1xx_hal_exti.c.obj
LOAD CMakeFiles/MEMS.elf.dir/Drivers/STM32F1xx_HAL_Driver/Src/stm32f1xx_hal_flash.c.obj
LOAD CMakeFiles/MEMS.elf.dir/Drivers/STM32F1xx_HAL_Driver/Src/stm32f1xx_hal_flash_ex.c.obj
LOAD CMakeFiles/MEMS.elf.dir/Drivers/STM32F1xx_HAL_Driver/Src/stm32f1xx_hal_gpio.c.obj
LOAD CMakeFiles/MEMS.elf.dir/Drivers/STM32F1xx_HAL_Driver/Src/stm32f1xx_hal_gpio_ex.c.obj
LOAD CMakeFiles/MEMS.elf.dir/Drivers/STM32F1xx_HAL_Driver/Src/stm32f1xx_hal_i2c.c.obj
LOAD CMakeFiles/MEMS.elf.dir/Drivers/STM32F1xx_HAL_Driver/Src/stm32f1xx_hal_pwr.c.obj
LOAD CMakeFiles/MEMS.elf.dir/Drivers/STM32F1xx_HAL_Driver/Src/stm32f1xx_hal_rcc.c.obj
LOAD CMakeFiles/MEMS.elf.dir/Drivers/STM32F1xx_HAL_Driver/Src/stm32f1xx_hal_rcc_ex.c.obj
LOAD CMakeFiles/MEMS.elf.dir/Drivers/STM32F1xx_HAL_Driver/Src/stm32f1xx_hal_spi.c.obj
LOAD CMakeFiles/MEMS.elf.dir/Drivers/STM32F1xx_HAL_Driver/Src/stm32f1xx_hal_tim.c.obj
LOAD CMakeFiles/MEMS.elf.dir/Drivers/STM32F1xx_HAL_Driver/Src/stm32f1xx_hal_tim_ex.c.obj
LOAD CMakeFiles/MEMS.elf.dir/Drivers/STM32F1xx_HAL_Driver/Src/stm32f1xx_hal_uart.c.obj
LOAD CMakeFiles/MEMS.elf.dir/startup/startup_stm32f103xb.s.obj
LOAD third-party/MCU_Libs/retarget/libretarget.a
LOAD third-party/MCU_Libs/Timer/libTimer.a
LOAD third-party/MCU_Libs/AD5667/libAD5667.a
LOAD /Applications/ArmGNUToolchain/12.2.mpacbti-rel1/arm-none-eabi/bin/../lib/gcc/arm-none-eabi/12.2.1/../../../../arm-none-eabi/lib/thumb/v7-m/nofp/libstdc++.a
LOAD /Applications/ArmGNUToolchain/12.2.mpacbti-rel1/arm-none-eabi/bin/../lib/gcc/arm-none-eabi/12.2.1/../../../../arm-none-eabi/lib/thumb/v7-m/nofp/libm.a
START GROUP
LOAD /Applications/ArmGNUToolchain/12.2.mpacbti-rel1/arm-none-eabi/bin/../lib/gcc/arm-none-eabi/12.2.1/thumb/v7-m/nofp/libgcc.a
LOAD /Applications/ArmGNUToolchain/12.2.mpacbti-rel1/arm-none-eabi/bin/../lib/gcc/arm-none-eabi/12.2.1/../../../../arm-none-eabi/lib/thumb/v7-m/nofp/libg.a
LOAD /Applications/ArmGNUToolchain/12.2.mpacbti-rel1/arm-none-eabi/bin/../lib/gcc/arm-none-eabi/12.2.1/../../../../arm-none-eabi/lib/thumb/v7-m/nofp/libc.a
END GROUP
START GROUP
LOAD /Applications/ArmGNUToolchain/12.2.mpacbti-rel1/arm-none-eabi/bin/../lib/gcc/arm-none-eabi/12.2.1/thumb/v7-m/nofp/libgcc.a
LOAD /Applications/ArmGNUToolchain/12.2.mpacbti-rel1/arm-none-eabi/bin/../lib/gcc/arm-none-eabi/12.2.1/../../../../arm-none-eabi/lib/thumb/v7-m/nofp/libc.a
LOAD /Applications/ArmGNUToolchain/12.2.mpacbti-rel1/arm-none-eabi/bin/../lib/gcc/arm-none-eabi/12.2.1/../../../../arm-none-eabi/lib/thumb/v7-m/nofp/libnosys.a
END GROUP
LOAD /Applications/ArmGNUToolchain/12.2.mpacbti-rel1/arm-none-eabi/bin/../lib/gcc/arm-none-eabi/12.2.1/thumb/v7-m/nofp/crtend.o
LOAD /Applications/ArmGNUToolchain/12.2.mpacbti-rel1/arm-none-eabi/bin/../lib/gcc/arm-none-eabi/12.2.1/thumb/v7-m/nofp/crtn.o
                0x20005000                        _estack = (ORIGIN (RAM) + LENGTH (RAM))
                0x00000200                        _Min_Heap_Size = 0x200
                0x00000400                        _Min_Stack_Size = 0x400

.isr_vector     0x08000000      0x10c
                0x08000000                        . = ALIGN (0x4)
 *(.isr_vector)
 .isr_vector    0x08000000      0x10c CMakeFiles/MEMS.elf.dir/startup/startup_stm32f103xb.s.obj
                0x08000000                g_pfnVectors
                0x0800010c                        . = ALIGN (0x4)

.text           0x08000110     0xa9c4
                0x08000110                        . = ALIGN (0x4)
 *(.text)
 .text          0x08000110      0x168 /Applications/ArmGNUToolchain/12.2.mpacbti-rel1/arm-none-eabi/bin/../lib/gcc/arm-none-eabi/12.2.1/thumb/v7-m/nofp/libgcc.a(_arm_mulsf3.o)
                0x08000110                __mulsf3
                0x08000110                __aeabi_fmul
 .text          0x08000278      0x378 /Applications/ArmGNUToolchain/12.2.mpacbti-rel1/arm-none-eabi/bin/../lib/gcc/arm-none-eabi/12.2.1/thumb/v7-m/nofp/libgcc.a(_arm_addsubdf3.o)
                0x08000278                __aeabi_drsub
                0x08000280                __subdf3
                0x08000280                __aeabi_dsub
                0x08000284                __aeabi_dadd
                0x08000284                __adddf3
                0x080004fc                __aeabi_ui2d
                0x080004fc                __floatunsidf
                0x0800051c                __floatsidf
                0x0800051c                __aeabi_i2d
                0x08000540                __extendsfdf2
                0x08000540                __aeabi_f2d
                0x08000584                __aeabi_ul2d
                0x08000584                __floatundidf
                0x08000594                __aeabi_l2d
                0x08000594                __floatdidf
 .text          0x080005f0      0x424 /Applications/ArmGNUToolchain/12.2.mpacbti-rel1/arm-none-eabi/bin/../lib/gcc/arm-none-eabi/12.2.1/thumb/v7-m/nofp/libgcc.a(_arm_muldivdf3.o)
                0x080005f0                __aeabi_dmul
                0x080005f0                __muldf3
                0x08000844                __aeabi_ddiv
                0x08000844                __divdf3
 .text          0x08000a14      0x21c /Applications/ArmGNUToolchain/12.2.mpacbti-rel1/arm-none-eabi/bin/../lib/gcc/arm-none-eabi/12.2.1/thumb/v7-m/nofp/libgcc.a(_arm_addsubsf3.o)
                0x08000a14                __aeabi_frsub
                0x08000a1c                __aeabi_fsub
                0x08000a1c                __subsf3
                0x08000a20                __aeabi_fadd
                0x08000a20                __addsf3
                0x08000b80                __aeabi_ui2f
                0x08000b80                __floatunsisf
                0x08000b88                __floatsisf
                0x08000b88                __aeabi_i2f
                0x08000ba4                __aeabi_ul2f
                0x08000ba4                __floatundisf
                0x08000bb4                __aeabi_l2f
                0x08000bb4                __floatdisf
 .text          0x08000c30       0xec /Applications/ArmGNUToolchain/12.2.mpacbti-rel1/arm-none-eabi/bin/../lib/gcc/arm-none-eabi/12.2.1/thumb/v7-m/nofp/libgcc.a(_arm_cmpsf2.o)
                0x08000c30                __gesf2
                0x08000c30                __gtsf2
                0x08000c38                __ltsf2
                0x08000c38                __lesf2
                0x08000c40                __nesf2
                0x08000c40                __eqsf2
                0x08000c40                __cmpsf2
                0x08000ca0                __aeabi_cfrcmple
                0x08000ca8                __aeabi_cfcmpeq
                0x08000ca8                __aeabi_cfcmple
                0x08000cb8                __aeabi_fcmpeq
                0x08000ccc                __aeabi_fcmplt
                0x08000ce0                __aeabi_fcmple
                0x08000cf4                __aeabi_fcmpge
                0x08000d08                __aeabi_fcmpgt
 .text          0x08000d1c       0x40 /Applications/ArmGNUToolchain/12.2.mpacbti-rel1/arm-none-eabi/bin/../lib/gcc/arm-none-eabi/12.2.1/thumb/v7-m/nofp/libgcc.a(_arm_fixunssfsi.o)
                0x08000d1c                __aeabi_f2uiz
                0x08000d1c                __fixunssfsi
 .text          0x08000d5c      0x1ac /Applications/ArmGNUToolchain/12.2.mpacbti-rel1/arm-none-eabi/bin/../lib/gcc/arm-none-eabi/12.2.1/thumb/v7-m/nofp/libgcc.a(libunwind.o)
                0x08000d5c                __restore_core_regs
                0x08000d5c                restore_core_regs
                0x08000d74                __gnu_Unwind_Restore_VFP
                0x08000d7c                __gnu_Unwind_Save_VFP
                0x08000d84                __gnu_Unwind_Restore_VFP_D
                0x08000d8c                __gnu_Unwind_Save_VFP_D
                0x08000d94                __gnu_Unwind_Restore_VFP_D_16_to_31
                0x08000d9c                __gnu_Unwind_Save_VFP_D_16_to_31
                0x08000da4                __gnu_Unwind_Restore_WMMXD
                0x08000de8                __gnu_Unwind_Save_WMMXD
                0x08000e2c                __gnu_Unwind_Restore_WMMXC
                0x08000e40                __gnu_Unwind_Save_WMMXC
                0x08000e54                _Unwind_RaiseException
                0x08000e54                ___Unwind_RaiseException
                0x08000e78                ___Unwind_Resume
                0x08000e78                _Unwind_Resume
                0x08000e9c                ___Unwind_Resume_or_Rethrow
                0x08000e9c                _Unwind_Resume_or_Rethrow
                0x08000ec0                _Unwind_ForcedUnwind
                0x08000ec0                ___Unwind_ForcedUnwind
                0x08000ee4                _Unwind_Backtrace
                0x08000ee4                ___Unwind_Backtrace
 .text          0x08000f08       0xec /Applications/ArmGNUToolchain/12.2.mpacbti-rel1/arm-none-eabi/bin/../lib/gcc/arm-none-eabi/12.2.1/../../../../arm-none-eabi/lib/thumb/v7-m/nofp/libg.a(libc_a-memcpy.o)
                0x08000f08                memcpy
 .text          0x08000ff4      0x110 /Applications/ArmGNUToolchain/12.2.mpacbti-rel1/arm-none-eabi/bin/../lib/gcc/arm-none-eabi/12.2.1/thumb/v7-m/nofp/libgcc.a(_arm_cmpdf2.o)
                0x08000ff4                __gedf2
                0x08000ff4                __gtdf2
                0x08000ffc                __ledf2
                0x08000ffc                __ltdf2
                0x08001004                __cmpdf2
                0x08001004                __eqdf2
                0x08001004                __nedf2
                0x08001080                __aeabi_cdrcmple
                0x08001090                __aeabi_cdcmple
                0x08001090                __aeabi_cdcmpeq
                0x080010a0                __aeabi_dcmpeq
                0x080010b4                __aeabi_dcmplt
                0x080010c8                __aeabi_dcmple
                0x080010dc                __aeabi_dcmpge
                0x080010f0                __aeabi_dcmpgt
 .text          0x08001104       0x2c /Applications/ArmGNUToolchain/12.2.mpacbti-rel1/arm-none-eabi/bin/../lib/gcc/arm-none-eabi/12.2.1/thumb/v7-m/nofp/libgcc.a(_arm_unorddf2.o)
                0x08001104                __aeabi_dcmpun
                0x08001104                __unorddf2
 .text          0x08001130       0x50 /Applications/ArmGNUToolchain/12.2.mpacbti-rel1/arm-none-eabi/bin/../lib/gcc/arm-none-eabi/12.2.1/thumb/v7-m/nofp/libgcc.a(_arm_fixdfsi.o)
                0x08001130                __fixdfsi
                0x08001130                __aeabi_d2iz
 *(.text*)
 .text.deregister_tm_clones
                0x08001180       0x1c /Applications/ArmGNUToolchain/12.2.mpacbti-rel1/arm-none-eabi/bin/../lib/gcc/arm-none-eabi/12.2.1/thumb/v7-m/nofp/crtbegin.o
 .text.register_tm_clones
                0x0800119c       0x24 /Applications/ArmGNUToolchain/12.2.mpacbti-rel1/arm-none-eabi/bin/../lib/gcc/arm-none-eabi/12.2.1/thumb/v7-m/nofp/crtbegin.o
 .text.__do_global_dtors_aux
                0x080011c0       0x28 /Applications/ArmGNUToolchain/12.2.mpacbti-rel1/arm-none-eabi/bin/../lib/gcc/arm-none-eabi/12.2.1/thumb/v7-m/nofp/crtbegin.o
 .text.frame_dummy
                0x080011e8       0x24 /Applications/ArmGNUToolchain/12.2.mpacbti-rel1/arm-none-eabi/bin/../lib/gcc/arm-none-eabi/12.2.1/thumb/v7-m/nofp/crtbegin.o
 .text._ZN13MirrorcleMEMSC2ERK4GPIORK5TimerRK6AD5667
                0x0800120c       0x40 CMakeFiles/MEMS.elf.dir/Core/Src/MirrorcleMems.cpp.obj
                0x0800120c                MirrorcleMEMS::MirrorcleMEMS(GPIO const&, Timer const&, AD5667 const&)
                0x0800120c                MirrorcleMEMS::MirrorcleMEMS(GPIO const&, Timer const&, AD5667 const&)
 .text._ZN13MirrorcleMEMS5startEv
                0x0800124c       0x28 CMakeFiles/MEMS.elf.dir/Core/Src/MirrorcleMems.cpp.obj
                0x0800124c                MirrorcleMEMS::start()
 .text.MX_GPIO_Init
                0x08001274       0xb4 CMakeFiles/MEMS.elf.dir/Core/Src/gpio.c.obj
                0x08001274                MX_GPIO_Init
 .text.MX_I2C1_Init
                0x08001328       0x3c CMakeFiles/MEMS.elf.dir/Core/Src/i2c.c.obj
                0x08001328                MX_I2C1_Init
 .text.HAL_I2C_MspInit
                0x08001364       0x64 CMakeFiles/MEMS.elf.dir/Core/Src/i2c.c.obj
                0x08001364                HAL_I2C_MspInit
 .text._Z18SystemClock_Configv
                0x080013c8       0x68 CMakeFiles/MEMS.elf.dir/Core/Src/main.cpp.obj
                0x080013c8                SystemClock_Config()
 .text.startup.main
                0x08001430       0xa4 CMakeFiles/MEMS.elf.dir/Core/Src/main.cpp.obj
                0x08001430                main
 .text.HAL_TIM_PeriodElapsedCallback
                0x080014d4        0xc CMakeFiles/MEMS.elf.dir/Core/Src/main.cpp.obj
                0x080014d4                HAL_TIM_PeriodElapsedCallback
 .text.Error_Handler
                0x080014e0        0x4 CMakeFiles/MEMS.elf.dir/Core/Src/main.cpp.obj
                0x080014e0                Error_Handler
 .text.startup._GLOBAL__sub_I_updateLoopTimer
                0x080014e4       0x80 CMakeFiles/MEMS.elf.dir/Core/Src/main.cpp.obj
 .text.MX_SPI1_Init
                0x08001564       0x38 CMakeFiles/MEMS.elf.dir/Core/Src/spi.c.obj
                0x08001564                MX_SPI1_Init
 .text.HAL_SPI_MspInit
                0x0800159c       0x74 CMakeFiles/MEMS.elf.dir/Core/Src/spi.c.obj
                0x0800159c                HAL_SPI_MspInit
 .text.HAL_MspInit
                0x08001610       0x40 CMakeFiles/MEMS.elf.dir/Core/Src/stm32f1xx_hal_msp.c.obj
                0x08001610                HAL_MspInit
 .text.NMI_Handler
                0x08001650        0x4 CMakeFiles/MEMS.elf.dir/Core/Src/stm32f1xx_it.c.obj
                0x08001650                NMI_Handler
 .text.HardFault_Handler
                0x08001654        0x4 CMakeFiles/MEMS.elf.dir/Core/Src/stm32f1xx_it.c.obj
                0x08001654                HardFault_Handler
 .text.MemManage_Handler
                0x08001658        0x4 CMakeFiles/MEMS.elf.dir/Core/Src/stm32f1xx_it.c.obj
                0x08001658                MemManage_Handler
 .text.BusFault_Handler
                0x0800165c        0x4 CMakeFiles/MEMS.elf.dir/Core/Src/stm32f1xx_it.c.obj
                0x0800165c                BusFault_Handler
 .text.UsageFault_Handler
                0x08001660        0x4 CMakeFiles/MEMS.elf.dir/Core/Src/stm32f1xx_it.c.obj
                0x08001660                UsageFault_Handler
 .text.SVC_Handler
                0x08001664        0x4 CMakeFiles/MEMS.elf.dir/Core/Src/stm32f1xx_it.c.obj
                0x08001664                SVC_Handler
 .text.DebugMon_Handler
                0x08001668        0x4 CMakeFiles/MEMS.elf.dir/Core/Src/stm32f1xx_it.c.obj
                0x08001668                DebugMon_Handler
 .text.PendSV_Handler
                0x0800166c        0x4 CMakeFiles/MEMS.elf.dir/Core/Src/stm32f1xx_it.c.obj
                0x0800166c                PendSV_Handler
 .text.SysTick_Handler
                0x08001670        0x4 CMakeFiles/MEMS.elf.dir/Core/Src/stm32f1xx_it.c.obj
                0x08001670                SysTick_Handler
 .text.TIM3_IRQHandler
                0x08001674        0xc CMakeFiles/MEMS.elf.dir/Core/Src/stm32f1xx_it.c.obj
                0x08001674                TIM3_IRQHandler
 .text.SystemInit
                0x08001680        0x4 CMakeFiles/MEMS.elf.dir/Core/Src/system_stm32f1xx.c.obj
                0x08001680                SystemInit
 .text.MX_TIM2_Init
                0x08001684       0xf4 CMakeFiles/MEMS.elf.dir/Core/Src/tim.c.obj
                0x08001684                MX_TIM2_Init
 .text.MX_TIM3_Init
                0x08001778       0x74 CMakeFiles/MEMS.elf.dir/Core/Src/tim.c.obj
                0x08001778                MX_TIM3_Init
 .text.HAL_TIM_Base_MspInit
                0x080017ec       0x68 CMakeFiles/MEMS.elf.dir/Core/Src/tim.c.obj
                0x080017ec                HAL_TIM_Base_MspInit
 .text.MX_USART1_UART_Init
                0x08001854       0x38 CMakeFiles/MEMS.elf.dir/Core/Src/usart.c.obj
                0x08001854                MX_USART1_UART_Init
 .text.HAL_UART_MspInit
                0x0800188c       0x78 CMakeFiles/MEMS.elf.dir/Core/Src/usart.c.obj
                0x0800188c                HAL_UART_MspInit
 .text.HAL_InitTick
                0x08001904       0x48 CMakeFiles/MEMS.elf.dir/Drivers/STM32F1xx_HAL_Driver/Src/stm32f1xx_hal.c.obj
                0x08001904                HAL_InitTick
 .text.HAL_Init
                0x0800194c       0x24 CMakeFiles/MEMS.elf.dir/Drivers/STM32F1xx_HAL_Driver/Src/stm32f1xx_hal.c.obj
                0x0800194c                HAL_Init
 .text.HAL_IncTick
                0x08001970       0x18 CMakeFiles/MEMS.elf.dir/Drivers/STM32F1xx_HAL_Driver/Src/stm32f1xx_hal.c.obj
                0x08001970                HAL_IncTick
 .text.HAL_GetTick
                0x08001988        0xc CMakeFiles/MEMS.elf.dir/Drivers/STM32F1xx_HAL_Driver/Src/stm32f1xx_hal.c.obj
                0x08001988                HAL_GetTick
 .text.HAL_Delay
                0x08001994       0x24 CMakeFiles/MEMS.elf.dir/Drivers/STM32F1xx_HAL_Driver/Src/stm32f1xx_hal.c.obj
                0x08001994                HAL_Delay
 .text.HAL_NVIC_SetPriorityGrouping
                0x080019b8       0x24 CMakeFiles/MEMS.elf.dir/Drivers/STM32F1xx_HAL_Driver/Src/stm32f1xx_hal_cortex.c.obj
                0x080019b8                HAL_NVIC_SetPriorityGrouping
 .text.HAL_NVIC_SetPriority
                0x080019dc       0x78 CMakeFiles/MEMS.elf.dir/Drivers/STM32F1xx_HAL_Driver/Src/stm32f1xx_hal_cortex.c.obj
                0x080019dc                HAL_NVIC_SetPriority
 .text.HAL_NVIC_EnableIRQ
                0x08001a54       0x1c CMakeFiles/MEMS.elf.dir/Drivers/STM32F1xx_HAL_Driver/Src/stm32f1xx_hal_cortex.c.obj
                0x08001a54                HAL_NVIC_EnableIRQ
 .text.HAL_SYSTICK_Config
                0x08001a70       0x30 CMakeFiles/MEMS.elf.dir/Drivers/STM32F1xx_HAL_Driver/Src/stm32f1xx_hal_cortex.c.obj
                0x08001a70                HAL_SYSTICK_Config
 .text.HAL_GPIO_Init
                0x08001aa0      0x238 CMakeFiles/MEMS.elf.dir/Drivers/STM32F1xx_HAL_Driver/Src/stm32f1xx_hal_gpio.c.obj
                0x08001aa0                HAL_GPIO_Init
 .text.HAL_GPIO_WritePin
                0x08001cd8        0x8 CMakeFiles/MEMS.elf.dir/Drivers/STM32F1xx_HAL_Driver/Src/stm32f1xx_hal_gpio.c.obj
                0x08001cd8                HAL_GPIO_WritePin
 .text.HAL_I2C_Init
                0x08001ce0      0x18c CMakeFiles/MEMS.elf.dir/Drivers/STM32F1xx_HAL_Driver/Src/stm32f1xx_hal_i2c.c.obj
                0x08001ce0                HAL_I2C_Init
 .text.HAL_I2C_Master_Transmit
                0x08001e6c      0x31c CMakeFiles/MEMS.elf.dir/Drivers/STM32F1xx_HAL_Driver/Src/stm32f1xx_hal_i2c.c.obj
                0x08001e6c                HAL_I2C_Master_Transmit
 .text.HAL_RCC_OscConfig
                0x08002188      0x3dc CMakeFiles/MEMS.elf.dir/Drivers/STM32F1xx_HAL_Driver/Src/stm32f1xx_hal_rcc.c.obj
                0x08002188                HAL_RCC_OscConfig
 .text.HAL_RCC_ClockConfig
                0x08002564      0x1a0 CMakeFiles/MEMS.elf.dir/Drivers/STM32F1xx_HAL_Driver/Src/stm32f1xx_hal_rcc.c.obj
                0x08002564                HAL_RCC_ClockConfig
 .text.HAL_RCC_GetPCLK1Freq
                0x08002704       0x20 CMakeFiles/MEMS.elf.dir/Drivers/STM32F1xx_HAL_Driver/Src/stm32f1xx_hal_rcc.c.obj
                0x08002704                HAL_RCC_GetPCLK1Freq
 .text.HAL_RCC_GetPCLK2Freq
                0x08002724       0x20 CMakeFiles/MEMS.elf.dir/Drivers/STM32F1xx_HAL_Driver/Src/stm32f1xx_hal_rcc.c.obj
                0x08002724                HAL_RCC_GetPCLK2Freq
 .text.HAL_SPI_Init
                0x08002744       0xbc CMakeFiles/MEMS.elf.dir/Drivers/STM32F1xx_HAL_Driver/Src/stm32f1xx_hal_spi.c.obj
                0x08002744                HAL_SPI_Init
 .text.HAL_TIM_Base_Init
                0x08002800       0xd0 CMakeFiles/MEMS.elf.dir/Drivers/STM32F1xx_HAL_Driver/Src/stm32f1xx_hal_tim.c.obj
                0x08002800                HAL_TIM_Base_Init
 .text.HAL_TIM_Base_Start
                0x080028d0       0x4c CMakeFiles/MEMS.elf.dir/Drivers/STM32F1xx_HAL_Driver/Src/stm32f1xx_hal_tim.c.obj
                0x080028d0                HAL_TIM_Base_Start
 .text.HAL_TIM_Base_Start_IT
                0x0800291c       0x54 CMakeFiles/MEMS.elf.dir/Drivers/STM32F1xx_HAL_Driver/Src/stm32f1xx_hal_tim.c.obj
                0x0800291c                HAL_TIM_Base_Start_IT
 .text.HAL_TIM_PWM_MspInit
                0x08002970        0x4 CMakeFiles/MEMS.elf.dir/Drivers/STM32F1xx_HAL_Driver/Src/stm32f1xx_hal_tim.c.obj
                0x08002970                HAL_TIM_PWM_MspInit
 .text.HAL_TIM_PWM_Init
                0x08002974       0xd0 CMakeFiles/MEMS.elf.dir/Drivers/STM32F1xx_HAL_Driver/Src/stm32f1xx_hal_tim.c.obj
                0x08002974                HAL_TIM_PWM_Init
 .text.HAL_TIM_PWM_Start
                0x08002a44       0xb0 CMakeFiles/MEMS.elf.dir/Drivers/STM32F1xx_HAL_Driver/Src/stm32f1xx_hal_tim.c.obj
                0x08002a44                HAL_TIM_PWM_Start
 .text.HAL_TIM_PWM_ConfigChannel
                0x08002af4      0x1f8 CMakeFiles/MEMS.elf.dir/Drivers/STM32F1xx_HAL_Driver/Src/stm32f1xx_hal_tim.c.obj
                0x08002af4                HAL_TIM_PWM_ConfigChannel
 .text.HAL_TIM_ConfigClockSource
                0x08002cec      0x14c CMakeFiles/MEMS.elf.dir/Drivers/STM32F1xx_HAL_Driver/Src/stm32f1xx_hal_tim.c.obj
                0x08002cec                HAL_TIM_ConfigClockSource
 .text.HAL_TIM_OC_DelayElapsedCallback
                0x08002e38        0x4 CMakeFiles/MEMS.elf.dir/Drivers/STM32F1xx_HAL_Driver/Src/stm32f1xx_hal_tim.c.obj
                0x08002e38                HAL_TIM_OC_DelayElapsedCallback
 .text.HAL_TIM_IC_CaptureCallback
                0x08002e3c        0x4 CMakeFiles/MEMS.elf.dir/Drivers/STM32F1xx_HAL_Driver/Src/stm32f1xx_hal_tim.c.obj
                0x08002e3c                HAL_TIM_IC_CaptureCallback
 .text.HAL_TIM_PWM_PulseFinishedCallback
                0x08002e40        0x4 CMakeFiles/MEMS.elf.dir/Drivers/STM32F1xx_HAL_Driver/Src/stm32f1xx_hal_tim.c.obj
                0x08002e40                HAL_TIM_PWM_PulseFinishedCallback
 .text.HAL_TIM_TriggerCallback
                0x08002e44        0x4 CMakeFiles/MEMS.elf.dir/Drivers/STM32F1xx_HAL_Driver/Src/stm32f1xx_hal_tim.c.obj
                0x08002e44                HAL_TIM_TriggerCallback
 .text.HAL_TIM_IRQHandler
                0x08002e48      0x154 CMakeFiles/MEMS.elf.dir/Drivers/STM32F1xx_HAL_Driver/Src/stm32f1xx_hal_tim.c.obj
                0x08002e48                HAL_TIM_IRQHandler
 .text.HAL_TIMEx_MasterConfigSynchronization
                0x08002f9c       0x64 CMakeFiles/MEMS.elf.dir/Drivers/STM32F1xx_HAL_Driver/Src/stm32f1xx_hal_tim_ex.c.obj
                0x08002f9c                HAL_TIMEx_MasterConfigSynchronization
 .text.HAL_TIMEx_CommutCallback
                0x08003000        0x4 CMakeFiles/MEMS.elf.dir/Drivers/STM32F1xx_HAL_Driver/Src/stm32f1xx_hal_tim_ex.c.obj
                0x08003000                HAL_TIMEx_CommutCallback
 .text.HAL_TIMEx_BreakCallback
                0x08003004        0x4 CMakeFiles/MEMS.elf.dir/Drivers/STM32F1xx_HAL_Driver/Src/stm32f1xx_hal_tim_ex.c.obj
                0x08003004                HAL_TIMEx_BreakCallback
 .text.HAL_UART_Init
                0x08003008       0xdc CMakeFiles/MEMS.elf.dir/Drivers/STM32F1xx_HAL_Driver/Src/stm32f1xx_hal_uart.c.obj
                0x08003008                HAL_UART_Init
 .text.HAL_UART_Transmit
                0x080030e4      0x10c CMakeFiles/MEMS.elf.dir/Drivers/STM32F1xx_HAL_Driver/Src/stm32f1xx_hal_uart.c.obj
                0x080030e4                HAL_UART_Transmit
 .text.HAL_UART_Receive
                0x080031f0      0x10c CMakeFiles/MEMS.elf.dir/Drivers/STM32F1xx_HAL_Driver/Src/stm32f1xx_hal_uart.c.obj
                0x080031f0                HAL_UART_Receive
 .text.Reset_Handler
                0x080032fc       0x48 CMakeFiles/MEMS.elf.dir/startup/startup_stm32f103xb.s.obj
                0x080032fc                Reset_Handler
 .text.Default_Handler
                0x08003344        0x2 CMakeFiles/MEMS.elf.dir/startup/startup_stm32f103xb.s.obj
                0x08003344                USBWakeUp_IRQHandler
                0x08003344                EXTI2_IRQHandler
                0x08003344                TIM1_CC_IRQHandler
                0x08003344                PVD_IRQHandler
                0x08003344                EXTI3_IRQHandler
                0x08003344                EXTI0_IRQHandler
                0x08003344                I2C2_EV_IRQHandler
                0x08003344                ADC1_2_IRQHandler
                0x08003344                SPI1_IRQHandler
                0x08003344                TAMPER_IRQHandler
                0x08003344                DMA1_Channel4_IRQHandler
                0x08003344                USART3_IRQHandler
                0x08003344                RTC_IRQHandler
                0x08003344                DMA1_Channel7_IRQHandler
                0x08003344                CAN1_RX1_IRQHandler
                0x08003344                TIM4_IRQHandler
                0x08003344                I2C1_EV_IRQHandler
                0x08003344                DMA1_Channel6_IRQHandler
                0x08003344                RCC_IRQHandler
                0x08003344                TIM1_TRG_COM_IRQHandler
                0x08003344                DMA1_Channel1_IRQHandler
                0x08003344                Default_Handler
                0x08003344                EXTI15_10_IRQHandler
                0x08003344                EXTI9_5_IRQHandler
                0x08003344                SPI2_IRQHandler
                0x08003344                DMA1_Channel5_IRQHandler
                0x08003344                EXTI4_IRQHandler
                0x08003344                USB_LP_CAN1_RX0_IRQHandler
                0x08003344                USB_HP_CAN1_TX_IRQHandler
                0x08003344                DMA1_Channel3_IRQHandler
                0x08003344                TIM1_UP_IRQHandler
                0x08003344                WWDG_IRQHandler
                0x08003344                TIM2_IRQHandler
                0x08003344                TIM1_BRK_IRQHandler
                0x08003344                EXTI1_IRQHandler
                0x08003344                USART2_IRQHandler
                0x08003344                I2C2_ER_IRQHandler
                0x08003344                DMA1_Channel2_IRQHandler
                0x08003344                CAN1_SCE_IRQHandler
                0x08003344                FLASH_IRQHandler
                0x08003344                USART1_IRQHandler
                0x08003344                I2C1_ER_IRQHandler
                0x08003344                RTC_Alarm_IRQHandler
 *fill*         0x08003346        0x2 
 .text.RetargetInit
                0x08003348       0x24 third-party/MCU_Libs/retarget/libretarget.a(retarget.c.obj)
                0x08003348                RetargetInit
 .text._isatty  0x0800336c       0x18 third-party/MCU_Libs/retarget/libretarget.a(retarget.c.obj)
                0x0800336c                _isatty
 .text._write   0x08003384       0x38 third-party/MCU_Libs/retarget/libretarget.a(retarget.c.obj)
                0x08003384                _write
 .text._close   0x080033bc       0x1c third-party/MCU_Libs/retarget/libretarget.a(retarget.c.obj)
                0x080033bc                _close
 .text._lseek   0x080033d8       0x14 third-party/MCU_Libs/retarget/libretarget.a(retarget.c.obj)
                0x080033d8                _lseek
 .text._read    0x080033ec       0x30 third-party/MCU_Libs/retarget/libretarget.a(retarget.c.obj)
                0x080033ec                _read
 .text._fstat   0x0800341c       0x1c third-party/MCU_Libs/retarget/libretarget.a(retarget.c.obj)
                0x0800341c                _fstat
 .text._ZN5Timer10startTimerEv
                0x08003438       0x14 third-party/MCU_Libs/Timer/libTimer.a(Timer.cpp.obj)
                0x08003438                Timer::startTimer()
 .text._ZN5TimerC2EP17TIM_HandleTypeDefm
                0x0800344c       0x58 third-party/MCU_Libs/Timer/libTimer.a(Timer.cpp.obj)
                0x0800344c                Timer::Timer(TIM_HandleTypeDef*, unsigned long)
                0x0800344c                Timer::Timer(TIM_HandleTypeDef*, unsigned long)
 .text._ZeqPK17TIM_HandleTypeDefRK5Timer
                0x080034a4        0xc third-party/MCU_Libs/Timer/libTimer.a(Timer.cpp.obj)
                0x080034a4                operator==(TIM_HandleTypeDef const*, Timer const&)
 .text._ZN5Timer12writePWMDutyEf
                0x080034b0       0xa4 third-party/MCU_Libs/Timer/libTimer.a(Timer.cpp.obj)
                0x080034b0                Timer::writePWMDuty(float)
 .text._ZN5Timer8startPWMEv
                0x08003554        0x8 third-party/MCU_Libs/Timer/libTimer.a(Timer.cpp.obj)
                0x08003554                Timer::startPWM()
 .text._ZN5TimerC2EP17TIM_HandleTypeDef
                0x0800355c       0x28 third-party/MCU_Libs/Timer/libTimer.a(Timer.cpp.obj)
                0x0800355c                Timer::Timer(TIM_HandleTypeDef*)
                0x0800355c                Timer::Timer(TIM_HandleTypeDef*)
 .text._ZN6AD5667C2EP17I2C_HandleTypeDefRK4GPIOS4_t
                0x08003584       0x40 third-party/MCU_Libs/AD5667/libAD5667.a(AD5667.cpp.obj)
                0x08003584                AD5667::AD5667(I2C_HandleTypeDef*, GPIO const&, GPIO const&, unsigned short)
                0x08003584                AD5667::AD5667(I2C_HandleTypeDef*, GPIO const&, GPIO const&, unsigned short)
 .text._ZN6AD56678sendDataENS_7COMMANDENS_7CHANNELEt
                0x080035c4       0x78 third-party/MCU_Libs/AD5667/libAD5667.a(AD5667.cpp.obj)
                0x080035c4                AD5667::sendData(AD5667::COMMAND, AD5667::CHANNEL, unsigned short)
 .text._ZN6AD566710sendSignalENS_7COMMANDENS_7CHANNELEf
                0x0800363c       0x2c third-party/MCU_Libs/AD5667/libAD5667.a(AD5667.cpp.obj)
                0x0800363c                AD5667::sendSignal(AD5667::COMMAND, AD5667::CHANNEL, float)
 .text.selfrel_offset31
                0x08003668       0x14 /Applications/ArmGNUToolchain/12.2.mpacbti-rel1/arm-none-eabi/bin/../lib/gcc/arm-none-eabi/12.2.1/thumb/v7-m/nofp/libgcc.a(unwind-arm.o)
 .text.search_EIT_table
                0x0800367c       0x64 /Applications/ArmGNUToolchain/12.2.mpacbti-rel1/arm-none-eabi/bin/../lib/gcc/arm-none-eabi/12.2.1/thumb/v7-m/nofp/libgcc.a(unwind-arm.o)
 .text.__gnu_unwind_get_pr_addr
                0x080036e0       0x28 /Applications/ArmGNUToolchain/12.2.mpacbti-rel1/arm-none-eabi/bin/../lib/gcc/arm-none-eabi/12.2.1/thumb/v7-m/nofp/libgcc.a(unwind-arm.o)
 .text.get_eit_entry
                0x08003708       0x94 /Applications/ArmGNUToolchain/12.2.mpacbti-rel1/arm-none-eabi/bin/../lib/gcc/arm-none-eabi/12.2.1/thumb/v7-m/nofp/libgcc.a(unwind-arm.o)
 .text.restore_non_core_regs
                0x0800379c       0x58 /Applications/ArmGNUToolchain/12.2.mpacbti-rel1/arm-none-eabi/bin/../lib/gcc/arm-none-eabi/12.2.1/thumb/v7-m/nofp/libgcc.a(unwind-arm.o)
 .text._Unwind_decode_typeinfo_ptr.constprop.0
                0x080037f4        0xc /Applications/ArmGNUToolchain/12.2.mpacbti-rel1/arm-none-eabi/bin/../lib/gcc/arm-none-eabi/12.2.1/thumb/v7-m/nofp/libgcc.a(unwind-arm.o)
 .text._Unwind_DebugHook
                0x08003800        0x4 /Applications/ArmGNUToolchain/12.2.mpacbti-rel1/arm-none-eabi/bin/../lib/gcc/arm-none-eabi/12.2.1/thumb/v7-m/nofp/libgcc.a(unwind-arm.o)
 .text.unwind_phase2
                0x08003804       0x3c /Applications/ArmGNUToolchain/12.2.mpacbti-rel1/arm-none-eabi/bin/../lib/gcc/arm-none-eabi/12.2.1/thumb/v7-m/nofp/libgcc.a(unwind-arm.o)
 .text.unwind_phase2_forced
                0x08003840       0xe0 /Applications/ArmGNUToolchain/12.2.mpacbti-rel1/arm-none-eabi/bin/../lib/gcc/arm-none-eabi/12.2.1/thumb/v7-m/nofp/libgcc.a(unwind-arm.o)
 .text.__gnu_Unwind_RaiseException
                0x08003920       0x68 /Applications/ArmGNUToolchain/12.2.mpacbti-rel1/arm-none-eabi/bin/../lib/gcc/arm-none-eabi/12.2.1/thumb/v7-m/nofp/libgcc.a(unwind-arm.o)
                0x08003920                __gnu_Unwind_RaiseException
 .text.__gnu_Unwind_ForcedUnwind
                0x08003988       0x18 /Applications/ArmGNUToolchain/12.2.mpacbti-rel1/arm-none-eabi/bin/../lib/gcc/arm-none-eabi/12.2.1/thumb/v7-m/nofp/libgcc.a(unwind-arm.o)
                0x08003988                __gnu_Unwind_ForcedUnwind
 .text.__gnu_Unwind_Resume
                0x080039a0       0x40 /Applications/ArmGNUToolchain/12.2.mpacbti-rel1/arm-none-eabi/bin/../lib/gcc/arm-none-eabi/12.2.1/thumb/v7-m/nofp/libgcc.a(unwind-arm.o)
                0x080039a0                __gnu_Unwind_Resume
 .text.__gnu_Unwind_Resume_or_Rethrow
                0x080039e0       0x18 /Applications/ArmGNUToolchain/12.2.mpacbti-rel1/arm-none-eabi/bin/../lib/gcc/arm-none-eabi/12.2.1/thumb/v7-m/nofp/libgcc.a(unwind-arm.o)
                0x080039e0                __gnu_Unwind_Resume_or_Rethrow
 .text._Unwind_VRS_Get
                0x080039f8       0x34 /Applications/ArmGNUToolchain/12.2.mpacbti-rel1/arm-none-eabi/bin/../lib/gcc/arm-none-eabi/12.2.1/thumb/v7-m/nofp/libgcc.a(unwind-arm.o)
                0x080039f8                _Unwind_VRS_Get
 .text._Unwind_GetGR
                0x08003a2c       0x1c /Applications/ArmGNUToolchain/12.2.mpacbti-rel1/arm-none-eabi/bin/../lib/gcc/arm-none-eabi/12.2.1/thumb/v7-m/nofp/libgcc.a(unwind-arm.o)
 .text._Unwind_VRS_Set
                0x08003a48       0x34 /Applications/ArmGNUToolchain/12.2.mpacbti-rel1/arm-none-eabi/bin/../lib/gcc/arm-none-eabi/12.2.1/thumb/v7-m/nofp/libgcc.a(unwind-arm.o)
                0x08003a48                _Unwind_VRS_Set
 .text._Unwind_SetGR
                0x08003a7c       0x18 /Applications/ArmGNUToolchain/12.2.mpacbti-rel1/arm-none-eabi/bin/../lib/gcc/arm-none-eabi/12.2.1/thumb/v7-m/nofp/libgcc.a(unwind-arm.o)
 .text.__gnu_Unwind_Backtrace
                0x08003a94       0x80 /Applications/ArmGNUToolchain/12.2.mpacbti-rel1/arm-none-eabi/bin/../lib/gcc/arm-none-eabi/12.2.1/thumb/v7-m/nofp/libgcc.a(unwind-arm.o)
                0x08003a94                __gnu_Unwind_Backtrace
 .text.__gnu_unwind_pr_common
                0x08003b14      0x298 /Applications/ArmGNUToolchain/12.2.mpacbti-rel1/arm-none-eabi/bin/../lib/gcc/arm-none-eabi/12.2.1/thumb/v7-m/nofp/libgcc.a(unwind-arm.o)
 .text.__aeabi_unwind_cpp_pr0
                0x08003dac        0x8 /Applications/ArmGNUToolchain/12.2.mpacbti-rel1/arm-none-eabi/bin/../lib/gcc/arm-none-eabi/12.2.1/thumb/v7-m/nofp/libgcc.a(unwind-arm.o)
                0x08003dac                __aeabi_unwind_cpp_pr0
 .text.__aeabi_unwind_cpp_pr1
                0x08003db4        0x8 /Applications/ArmGNUToolchain/12.2.mpacbti-rel1/arm-none-eabi/bin/../lib/gcc/arm-none-eabi/12.2.1/thumb/v7-m/nofp/libgcc.a(unwind-arm.o)
                0x08003db4                __aeabi_unwind_cpp_pr1
 .text.__aeabi_unwind_cpp_pr2
                0x08003dbc        0x8 /Applications/ArmGNUToolchain/12.2.mpacbti-rel1/arm-none-eabi/bin/../lib/gcc/arm-none-eabi/12.2.1/thumb/v7-m/nofp/libgcc.a(unwind-arm.o)
                0x08003dbc                __aeabi_unwind_cpp_pr2
 .text._Unwind_VRS_Pop
                0x08003dc4      0x2e8 /Applications/ArmGNUToolchain/12.2.mpacbti-rel1/arm-none-eabi/bin/../lib/gcc/arm-none-eabi/12.2.1/thumb/v7-m/nofp/libgcc.a(unwind-arm.o)
                0x08003dc4                _Unwind_VRS_Pop
 .text.next_unwind_byte
                0x080040ac       0x38 /Applications/ArmGNUToolchain/12.2.mpacbti-rel1/arm-none-eabi/bin/../lib/gcc/arm-none-eabi/12.2.1/thumb/v7-m/nofp/libgcc.a(pr-support.o)
 .text.__gnu_unwind_execute
                0x080040e4      0x2fc /Applications/ArmGNUToolchain/12.2.mpacbti-rel1/arm-none-eabi/bin/../lib/gcc/arm-none-eabi/12.2.1/thumb/v7-m/nofp/libgcc.a(pr-support.o)
                0x080040e4                __gnu_unwind_execute
 .text.abort    0x080043e0       0x10 /Applications/ArmGNUToolchain/12.2.mpacbti-rel1/arm-none-eabi/bin/../lib/gcc/arm-none-eabi/12.2.1/../../../../arm-none-eabi/lib/thumb/v7-m/nofp/libg.a(libc_a-abort.o)
                0x080043e0                abort
 .text.printf   0x080043f0       0x28 /Applications/ArmGNUToolchain/12.2.mpacbti-rel1/arm-none-eabi/bin/../lib/gcc/arm-none-eabi/12.2.1/../../../../arm-none-eabi/lib/thumb/v7-m/nofp/libg.a(libc_a-printf.o)
                0x080043f0                printf
 .text._vfprintf_r
                0x08004418     0x1c6c /Applications/ArmGNUToolchain/12.2.mpacbti-rel1/arm-none-eabi/bin/../lib/gcc/arm-none-eabi/12.2.1/../../../../arm-none-eabi/lib/thumb/v7-m/nofp/libg.a(libc_a-vfprintf.o)
                0x08004418                _vfprintf_r
 .text.__sbprintf
                0x08006084       0x80 /Applications/ArmGNUToolchain/12.2.mpacbti-rel1/arm-none-eabi/bin/../lib/gcc/arm-none-eabi/12.2.1/../../../../arm-none-eabi/lib/thumb/v7-m/nofp/libg.a(libc_a-vfprintf.o)
 .text.__sprint_r.part.0
                0x08006104       0x78 /Applications/ArmGNUToolchain/12.2.mpacbti-rel1/arm-none-eabi/bin/../lib/gcc/arm-none-eabi/12.2.1/../../../../arm-none-eabi/lib/thumb/v7-m/nofp/libg.a(libc_a-vfiprintf.o)
 .text.__sprint_r
                0x0800617c       0x14 /Applications/ArmGNUToolchain/12.2.mpacbti-rel1/arm-none-eabi/bin/../lib/gcc/arm-none-eabi/12.2.1/../../../../arm-none-eabi/lib/thumb/v7-m/nofp/libg.a(libc_a-vfiprintf.o)
                0x0800617c                __sprint_r
 .text._vfiprintf_r
                0x08006190      0xf9c /Applications/ArmGNUToolchain/12.2.mpacbti-rel1/arm-none-eabi/bin/../lib/gcc/arm-none-eabi/12.2.1/../../../../arm-none-eabi/lib/thumb/v7-m/nofp/libg.a(libc_a-vfiprintf.o)
                0x08006190                _vfiprintf_r
 .text.__sbprintf
                0x0800712c       0x80 /Applications/ArmGNUToolchain/12.2.mpacbti-rel1/arm-none-eabi/bin/../lib/gcc/arm-none-eabi/12.2.1/../../../../arm-none-eabi/lib/thumb/v7-m/nofp/libg.a(libc_a-vfiprintf.o)
 .text.putchar  0x080071ac       0x10 /Applications/ArmGNUToolchain/12.2.mpacbti-rel1/arm-none-eabi/bin/../lib/gcc/arm-none-eabi/12.2.1/../../../../arm-none-eabi/lib/thumb/v7-m/nofp/libg.a(libc_a-putchar.o)
                0x080071ac                putchar
 .text.setvbuf  0x080071bc      0x1a4 /Applications/ArmGNUToolchain/12.2.mpacbti-rel1/arm-none-eabi/bin/../lib/gcc/arm-none-eabi/12.2.1/../../../../arm-none-eabi/lib/thumb/v7-m/nofp/libg.a(libc_a-setvbuf.o)
                0x080071bc                setvbuf
 .text.__sflush_r
                0x08007360      0x128 /Applications/ArmGNUToolchain/12.2.mpacbti-rel1/arm-none-eabi/bin/../lib/gcc/arm-none-eabi/12.2.1/../../../../arm-none-eabi/lib/thumb/v7-m/nofp/libg.a(libc_a-fflush.o)
                0x08007360                __sflush_r
 .text._fflush_r
                0x08007488       0x54 /Applications/ArmGNUToolchain/12.2.mpacbti-rel1/arm-none-eabi/bin/../lib/gcc/arm-none-eabi/12.2.1/../../../../arm-none-eabi/lib/thumb/v7-m/nofp/libg.a(libc_a-fflush.o)
                0x08007488                _fflush_r
 .text.stdio_exit_handler
                0x080074dc       0x18 /Applications/ArmGNUToolchain/12.2.mpacbti-rel1/arm-none-eabi/bin/../lib/gcc/arm-none-eabi/12.2.1/../../../../arm-none-eabi/lib/thumb/v7-m/nofp/libg.a(libc_a-findfp.o)
 .text.cleanup_stdio
                0x080074f4       0x40 /Applications/ArmGNUToolchain/12.2.mpacbti-rel1/arm-none-eabi/bin/../lib/gcc/arm-none-eabi/12.2.1/../../../../arm-none-eabi/lib/thumb/v7-m/nofp/libg.a(libc_a-findfp.o)
 .text.global_stdio_init.part.0
                0x08007534       0xf0 /Applications/ArmGNUToolchain/12.2.mpacbti-rel1/arm-none-eabi/bin/../lib/gcc/arm-none-eabi/12.2.1/../../../../arm-none-eabi/lib/thumb/v7-m/nofp/libg.a(libc_a-findfp.o)
 .text.__sinit  0x08007624       0x3c /Applications/ArmGNUToolchain/12.2.mpacbti-rel1/arm-none-eabi/bin/../lib/gcc/arm-none-eabi/12.2.1/../../../../arm-none-eabi/lib/thumb/v7-m/nofp/libg.a(libc_a-findfp.o)
                0x08007624                __sinit
 .text.__sfp_lock_acquire
                0x08007660        0xc /Applications/ArmGNUToolchain/12.2.mpacbti-rel1/arm-none-eabi/bin/../lib/gcc/arm-none-eabi/12.2.1/../../../../arm-none-eabi/lib/thumb/v7-m/nofp/libg.a(libc_a-findfp.o)
                0x08007660                __sfp_lock_acquire
 .text.__sfp_lock_release
                0x0800766c        0xc /Applications/ArmGNUToolchain/12.2.mpacbti-rel1/arm-none-eabi/bin/../lib/gcc/arm-none-eabi/12.2.1/../../../../arm-none-eabi/lib/thumb/v7-m/nofp/libg.a(libc_a-findfp.o)
                0x0800766c                __sfp_lock_release
 .text.__sfvwrite_r
                0x08007678      0x2ec /Applications/ArmGNUToolchain/12.2.mpacbti-rel1/arm-none-eabi/bin/../lib/gcc/arm-none-eabi/12.2.1/../../../../arm-none-eabi/lib/thumb/v7-m/nofp/libg.a(libc_a-fvwrite.o)
                0x08007678                __sfvwrite_r
 .text._fwalk_sglue
                0x08007964       0x44 /Applications/ArmGNUToolchain/12.2.mpacbti-rel1/arm-none-eabi/bin/../lib/gcc/arm-none-eabi/12.2.1/../../../../arm-none-eabi/lib/thumb/v7-m/nofp/libg.a(libc_a-fwalk.o)
                0x08007964                _fwalk_sglue
 .text.__swsetup_r
                0x080079a8       0xc0 /Applications/ArmGNUToolchain/12.2.mpacbti-rel1/arm-none-eabi/bin/../lib/gcc/arm-none-eabi/12.2.1/../../../../arm-none-eabi/lib/thumb/v7-m/nofp/libg.a(libc_a-wsetup.o)
                0x080079a8                __swsetup_r
 .text.__fputwc
                0x08007a68       0x7c /Applications/ArmGNUToolchain/12.2.mpacbti-rel1/arm-none-eabi/bin/../lib/gcc/arm-none-eabi/12.2.1/../../../../arm-none-eabi/lib/thumb/v7-m/nofp/libg.a(libc_a-fputwc.o)
                0x08007a68                __fputwc
 .text._fputwc_r
                0x08007ae4       0x60 /Applications/ArmGNUToolchain/12.2.mpacbti-rel1/arm-none-eabi/bin/../lib/gcc/arm-none-eabi/12.2.1/../../../../arm-none-eabi/lib/thumb/v7-m/nofp/libg.a(libc_a-fputwc.o)
                0x08007ae4                _fputwc_r
 .text.memmove  0x08007b44       0xfc /Applications/ArmGNUToolchain/12.2.mpacbti-rel1/arm-none-eabi/bin/../lib/gcc/arm-none-eabi/12.2.1/../../../../arm-none-eabi/lib/thumb/v7-m/nofp/libg.a(libc_a-memmove.o)
                0x08007b44                memmove
 .text.memset   0x08007c40       0xa0 /Applications/ArmGNUToolchain/12.2.mpacbti-rel1/arm-none-eabi/bin/../lib/gcc/arm-none-eabi/12.2.1/../../../../arm-none-eabi/lib/thumb/v7-m/nofp/libg.a(libc_a-memset.o)
                0x08007c40                memset
 .text.strncpy  0x08007ce0       0x6c /Applications/ArmGNUToolchain/12.2.mpacbti-rel1/arm-none-eabi/bin/../lib/gcc/arm-none-eabi/12.2.1/../../../../arm-none-eabi/lib/thumb/v7-m/nofp/libg.a(libc_a-strncpy.o)
                0x08007ce0                strncpy
 .text.raise    0x08007d4c       0x58 /Applications/ArmGNUToolchain/12.2.mpacbti-rel1/arm-none-eabi/bin/../lib/gcc/arm-none-eabi/12.2.1/../../../../arm-none-eabi/lib/thumb/v7-m/nofp/libg.a(libc_a-signal.o)
                0x08007d4c                raise
 .text.__locale_mb_cur_max
                0x08007da4        0xc /Applications/ArmGNUToolchain/12.2.mpacbti-rel1/arm-none-eabi/bin/../lib/gcc/arm-none-eabi/12.2.1/../../../../arm-none-eabi/lib/thumb/v7-m/nofp/libg.a(libc_a-locale.o)
                0x08007da4                __locale_mb_cur_max
 .text._localeconv_r
                0x08007db0        0x8 /Applications/ArmGNUToolchain/12.2.mpacbti-rel1/arm-none-eabi/bin/../lib/gcc/arm-none-eabi/12.2.1/../../../../arm-none-eabi/lib/thumb/v7-m/nofp/libg.a(libc_a-localeconv.o)
                0x08007db0                _localeconv_r
 .text._kill_r  0x08007db8       0x28 /Applications/ArmGNUToolchain/12.2.mpacbti-rel1/arm-none-eabi/bin/../lib/gcc/arm-none-eabi/12.2.1/../../../../arm-none-eabi/lib/thumb/v7-m/nofp/libg.a(libc_a-signalr.o)
                0x08007db8                _kill_r
 .text._getpid_r
                0x08007de0        0x4 /Applications/ArmGNUToolchain/12.2.mpacbti-rel1/arm-none-eabi/bin/../lib/gcc/arm-none-eabi/12.2.1/../../../../arm-none-eabi/lib/thumb/v7-m/nofp/libg.a(libc_a-signalr.o)
                0x08007de0                _getpid_r
 .text.__errno  0x08007de4        0xc /Applications/ArmGNUToolchain/12.2.mpacbti-rel1/arm-none-eabi/bin/../lib/gcc/arm-none-eabi/12.2.1/../../../../arm-none-eabi/lib/thumb/v7-m/nofp/libg.a(libc_a-errno.o)
                0x08007de4                __errno
 .text.__libc_init_array
                0x08007df0       0x50 /Applications/ArmGNUToolchain/12.2.mpacbti-rel1/arm-none-eabi/bin/../lib/gcc/arm-none-eabi/12.2.1/../../../../arm-none-eabi/lib/thumb/v7-m/nofp/libg.a(libc_a-init.o)
                0x08007df0                __libc_init_array
 .text.__retarget_lock_init_recursive
                0x08007e40        0x4 /Applications/ArmGNUToolchain/12.2.mpacbti-rel1/arm-none-eabi/bin/../lib/gcc/arm-none-eabi/12.2.1/../../../../arm-none-eabi/lib/thumb/v7-m/nofp/libg.a(libc_a-lock.o)
                0x08007e40                __retarget_lock_init_recursive
 .text.__retarget_lock_close_recursive
                0x08007e44        0x4 /Applications/ArmGNUToolchain/12.2.mpacbti-rel1/arm-none-eabi/bin/../lib/gcc/arm-none-eabi/12.2.1/../../../../arm-none-eabi/lib/thumb/v7-m/nofp/libg.a(libc_a-lock.o)
                0x08007e44                __retarget_lock_close_recursive
 .text.__retarget_lock_acquire_recursive
                0x08007e48        0x4 /Applications/ArmGNUToolchain/12.2.mpacbti-rel1/arm-none-eabi/bin/../lib/gcc/arm-none-eabi/12.2.1/../../../../arm-none-eabi/lib/thumb/v7-m/nofp/libg.a(libc_a-lock.o)
                0x08007e48                __retarget_lock_acquire_recursive
 .text.__retarget_lock_release_recursive
                0x08007e4c        0x4 /Applications/ArmGNUToolchain/12.2.mpacbti-rel1/arm-none-eabi/bin/../lib/gcc/arm-none-eabi/12.2.1/../../../../arm-none-eabi/lib/thumb/v7-m/nofp/libg.a(libc_a-lock.o)
                0x08007e4c                __retarget_lock_release_recursive
 .text.memchr   0x08007e50       0x98 /Applications/ArmGNUToolchain/12.2.mpacbti-rel1/arm-none-eabi/bin/../lib/gcc/arm-none-eabi/12.2.1/../../../../arm-none-eabi/lib/thumb/v7-m/nofp/libg.a(libc_a-memchr-stub.o)
                0x08007e50                memchr
 .text.strlen   0x08007ee8       0x5c /Applications/ArmGNUToolchain/12.2.mpacbti-rel1/arm-none-eabi/bin/../lib/gcc/arm-none-eabi/12.2.1/../../../../arm-none-eabi/lib/thumb/v7-m/nofp/libg.a(libc_a-strlen-stub.o)
                0x08007ee8                strlen
 .text._wcrtomb_r
                0x08007f44       0x4c /Applications/ArmGNUToolchain/12.2.mpacbti-rel1/arm-none-eabi/bin/../lib/gcc/arm-none-eabi/12.2.1/../../../../arm-none-eabi/lib/thumb/v7-m/nofp/libg.a(libc_a-wcrtomb.o)
                0x08007f44                _wcrtomb_r
 .text._wcsrtombs_r
                0x08007f90       0x18 /Applications/ArmGNUToolchain/12.2.mpacbti-rel1/arm-none-eabi/bin/../lib/gcc/arm-none-eabi/12.2.1/../../../../arm-none-eabi/lib/thumb/v7-m/nofp/libg.a(libc_a-wcsrtombs.o)
                0x08007f90                _wcsrtombs_r
 .text.frexp    0x08007fa8       0x70 /Applications/ArmGNUToolchain/12.2.mpacbti-rel1/arm-none-eabi/bin/../lib/gcc/arm-none-eabi/12.2.1/../../../../arm-none-eabi/lib/thumb/v7-m/nofp/libg.a(libm_a-s_frexp.o)
                0x08007fa8                frexp
 .text.startup.register_fini
                0x08008018       0x14 /Applications/ArmGNUToolchain/12.2.mpacbti-rel1/arm-none-eabi/bin/../lib/gcc/arm-none-eabi/12.2.1/../../../../arm-none-eabi/lib/thumb/v7-m/nofp/libg.a(libc_a-__call_atexit.o)
 .text.atexit   0x0800802c        0xc /Applications/ArmGNUToolchain/12.2.mpacbti-rel1/arm-none-eabi/bin/../lib/gcc/arm-none-eabi/12.2.1/../../../../arm-none-eabi/lib/thumb/v7-m/nofp/libg.a(libc_a-atexit.o)
                0x0800802c                atexit
 .text.quorem   0x08008038      0x13c /Applications/ArmGNUToolchain/12.2.mpacbti-rel1/arm-none-eabi/bin/../lib/gcc/arm-none-eabi/12.2.1/../../../../arm-none-eabi/lib/thumb/v7-m/nofp/libg.a(libc_a-dtoa.o)
 *fill*         0x08008174        0x4 
 .text._dtoa_r  0x08008178      0xe54 /Applications/ArmGNUToolchain/12.2.mpacbti-rel1/arm-none-eabi/bin/../lib/gcc/arm-none-eabi/12.2.1/../../../../arm-none-eabi/lib/thumb/v7-m/nofp/libg.a(libc_a-dtoa.o)
                0x08008178                _dtoa_r
 .text._malloc_trim_r
                0x08008fcc       0xb8 /Applications/ArmGNUToolchain/12.2.mpacbti-rel1/arm-none-eabi/bin/../lib/gcc/arm-none-eabi/12.2.1/../../../../arm-none-eabi/lib/thumb/v7-m/nofp/libg.a(libc_a-freer.o)
                0x08008fcc                _malloc_trim_r
 .text._free_r  0x08009084      0x1fc /Applications/ArmGNUToolchain/12.2.mpacbti-rel1/arm-none-eabi/bin/../lib/gcc/arm-none-eabi/12.2.1/../../../../arm-none-eabi/lib/thumb/v7-m/nofp/libg.a(libc_a-freer.o)
                0x08009084                _free_r
 .text.malloc   0x08009280       0x10 /Applications/ArmGNUToolchain/12.2.mpacbti-rel1/arm-none-eabi/bin/../lib/gcc/arm-none-eabi/12.2.1/../../../../arm-none-eabi/lib/thumb/v7-m/nofp/libg.a(libc_a-malloc.o)
                0x08009280                malloc
 .text._malloc_r
                0x08009290      0x570 /Applications/ArmGNUToolchain/12.2.mpacbti-rel1/arm-none-eabi/bin/../lib/gcc/arm-none-eabi/12.2.1/../../../../arm-none-eabi/lib/thumb/v7-m/nofp/libg.a(libc_a-mallocr.o)
                0x08009290                _malloc_r
 .text.__ascii_mbtowc
                0x08009800       0x2c /Applications/ArmGNUToolchain/12.2.mpacbti-rel1/arm-none-eabi/bin/../lib/gcc/arm-none-eabi/12.2.1/../../../../arm-none-eabi/lib/thumb/v7-m/nofp/libg.a(libc_a-mbtowc_r.o)
                0x08009800                __ascii_mbtowc
 .text.__smakebuf_r
                0x0800982c       0xdc /Applications/ArmGNUToolchain/12.2.mpacbti-rel1/arm-none-eabi/bin/../lib/gcc/arm-none-eabi/12.2.1/../../../../arm-none-eabi/lib/thumb/v7-m/nofp/libg.a(libc_a-makebuf.o)
                0x0800982c                __smakebuf_r
 .text.__swhatbuf_r
                0x08009908       0x60 /Applications/ArmGNUToolchain/12.2.mpacbti-rel1/arm-none-eabi/bin/../lib/gcc/arm-none-eabi/12.2.1/../../../../arm-none-eabi/lib/thumb/v7-m/nofp/libg.a(libc_a-makebuf.o)
                0x08009908                __swhatbuf_r
 .text._putc_r  0x08009968       0x78 /Applications/ArmGNUToolchain/12.2.mpacbti-rel1/arm-none-eabi/bin/../lib/gcc/arm-none-eabi/12.2.1/../../../../arm-none-eabi/lib/thumb/v7-m/nofp/libg.a(libc_a-putc.o)
                0x08009968                _putc_r
 .text.__malloc_lock
                0x080099e0        0xc /Applications/ArmGNUToolchain/12.2.mpacbti-rel1/arm-none-eabi/bin/../lib/gcc/arm-none-eabi/12.2.1/../../../../arm-none-eabi/lib/thumb/v7-m/nofp/libg.a(libc_a-mlock.o)
                0x080099e0                __malloc_lock
 .text.__malloc_unlock
                0x080099ec        0xc /Applications/ArmGNUToolchain/12.2.mpacbti-rel1/arm-none-eabi/bin/../lib/gcc/arm-none-eabi/12.2.1/../../../../arm-none-eabi/lib/thumb/v7-m/nofp/libg.a(libc_a-mlock.o)
                0x080099ec                __malloc_unlock
 .text._Balloc  0x080099f8       0x4c /Applications/ArmGNUToolchain/12.2.mpacbti-rel1/arm-none-eabi/bin/../lib/gcc/arm-none-eabi/12.2.1/../../../../arm-none-eabi/lib/thumb/v7-m/nofp/libg.a(libc_a-mprec.o)
                0x080099f8                _Balloc
 .text._Bfree   0x08009a44       0x14 /Applications/ArmGNUToolchain/12.2.mpacbti-rel1/arm-none-eabi/bin/../lib/gcc/arm-none-eabi/12.2.1/../../../../arm-none-eabi/lib/thumb/v7-m/nofp/libg.a(libc_a-mprec.o)
                0x08009a44                _Bfree
 .text.__multadd
                0x08009a58       0xa4 /Applications/ArmGNUToolchain/12.2.mpacbti-rel1/arm-none-eabi/bin/../lib/gcc/arm-none-eabi/12.2.1/../../../../arm-none-eabi/lib/thumb/v7-m/nofp/libg.a(libc_a-mprec.o)
                0x08009a58                __multadd
 .text.__hi0bits
                0x08009afc       0x44 /Applications/ArmGNUToolchain/12.2.mpacbti-rel1/arm-none-eabi/bin/../lib/gcc/arm-none-eabi/12.2.1/../../../../arm-none-eabi/lib/thumb/v7-m/nofp/libg.a(libc_a-mprec.o)
                0x08009afc                __hi0bits
 .text.__lo0bits
                0x08009b40       0x5c /Applications/ArmGNUToolchain/12.2.mpacbti-rel1/arm-none-eabi/bin/../lib/gcc/arm-none-eabi/12.2.1/../../../../arm-none-eabi/lib/thumb/v7-m/nofp/libg.a(libc_a-mprec.o)
                0x08009b40                __lo0bits
 .text.__i2b    0x08009b9c       0x5c /Applications/ArmGNUToolchain/12.2.mpacbti-rel1/arm-none-eabi/bin/../lib/gcc/arm-none-eabi/12.2.1/../../../../arm-none-eabi/lib/thumb/v7-m/nofp/libg.a(libc_a-mprec.o)
                0x08009b9c                __i2b
 .text.__multiply
                0x08009bf8      0x164 /Applications/ArmGNUToolchain/12.2.mpacbti-rel1/arm-none-eabi/bin/../lib/gcc/arm-none-eabi/12.2.1/../../../../arm-none-eabi/lib/thumb/v7-m/nofp/libg.a(libc_a-mprec.o)
                0x08009bf8                __multiply
 .text.__pow5mult
                0x08009d5c       0xb4 /Applications/ArmGNUToolchain/12.2.mpacbti-rel1/arm-none-eabi/bin/../lib/gcc/arm-none-eabi/12.2.1/../../../../arm-none-eabi/lib/thumb/v7-m/nofp/libg.a(libc_a-mprec.o)
                0x08009d5c                __pow5mult
 .text.__lshift
                0x08009e10       0xec /Applications/ArmGNUToolchain/12.2.mpacbti-rel1/arm-none-eabi/bin/../lib/gcc/arm-none-eabi/12.2.1/../../../../arm-none-eabi/lib/thumb/v7-m/nofp/libg.a(libc_a-mprec.o)
                0x08009e10                __lshift
 .text.__mcmp   0x08009efc       0x40 /Applications/ArmGNUToolchain/12.2.mpacbti-rel1/arm-none-eabi/bin/../lib/gcc/arm-none-eabi/12.2.1/../../../../arm-none-eabi/lib/thumb/v7-m/nofp/libg.a(libc_a-mprec.o)
                0x08009efc                __mcmp
 .text.__mdiff  0x08009f3c      0x160 /Applications/ArmGNUToolchain/12.2.mpacbti-rel1/arm-none-eabi/bin/../lib/gcc/arm-none-eabi/12.2.1/../../../../arm-none-eabi/lib/thumb/v7-m/nofp/libg.a(libc_a-mprec.o)
                0x08009f3c                __mdiff
 .text.__d2b    0x0800a09c       0xbc /Applications/ArmGNUToolchain/12.2.mpacbti-rel1/arm-none-eabi/bin/../lib/gcc/arm-none-eabi/12.2.1/../../../../arm-none-eabi/lib/thumb/v7-m/nofp/libg.a(libc_a-mprec.o)
                0x0800a09c                __d2b
 .text._fclose_r
                0x0800a158       0xc0 /Applications/ArmGNUToolchain/12.2.mpacbti-rel1/arm-none-eabi/bin/../lib/gcc/arm-none-eabi/12.2.1/../../../../arm-none-eabi/lib/thumb/v7-m/nofp/libg.a(libc_a-fclose.o)
                0x0800a158                _fclose_r
 .text._realloc_r
                0x0800a218      0x34c /Applications/ArmGNUToolchain/12.2.mpacbti-rel1/arm-none-eabi/bin/../lib/gcc/arm-none-eabi/12.2.1/../../../../arm-none-eabi/lib/thumb/v7-m/nofp/libg.a(libc_a-reallocr.o)
                0x0800a218                _realloc_r
 .text.__sread  0x0800a564       0x24 /Applications/ArmGNUToolchain/12.2.mpacbti-rel1/arm-none-eabi/bin/../lib/gcc/arm-none-eabi/12.2.1/../../../../arm-none-eabi/lib/thumb/v7-m/nofp/libg.a(libc_a-stdio.o)
                0x0800a564                __sread
 .text.__swrite
                0x0800a588       0x40 /Applications/ArmGNUToolchain/12.2.mpacbti-rel1/arm-none-eabi/bin/../lib/gcc/arm-none-eabi/12.2.1/../../../../arm-none-eabi/lib/thumb/v7-m/nofp/libg.a(libc_a-stdio.o)
                0x0800a588                __swrite
 .text.__sseek  0x0800a5c8       0x24 /Applications/ArmGNUToolchain/12.2.mpacbti-rel1/arm-none-eabi/bin/../lib/gcc/arm-none-eabi/12.2.1/../../../../arm-none-eabi/lib/thumb/v7-m/nofp/libg.a(libc_a-stdio.o)
                0x0800a5c8                __sseek
 .text.__sclose
                0x0800a5ec        0x8 /Applications/ArmGNUToolchain/12.2.mpacbti-rel1/arm-none-eabi/bin/../lib/gcc/arm-none-eabi/12.2.1/../../../../arm-none-eabi/lib/thumb/v7-m/nofp/libg.a(libc_a-stdio.o)
                0x0800a5ec                __sclose
 .text.__ascii_wctomb
                0x0800a5f4       0x1c /Applications/ArmGNUToolchain/12.2.mpacbti-rel1/arm-none-eabi/bin/../lib/gcc/arm-none-eabi/12.2.1/../../../../arm-none-eabi/lib/thumb/v7-m/nofp/libg.a(libc_a-wctomb_r.o)
                0x0800a5f4                __ascii_wctomb
 .text.__swbuf_r
                0x0800a610       0xac /Applications/ArmGNUToolchain/12.2.mpacbti-rel1/arm-none-eabi/bin/../lib/gcc/arm-none-eabi/12.2.1/../../../../arm-none-eabi/lib/thumb/v7-m/nofp/libg.a(libc_a-wbuf.o)
                0x0800a610                __swbuf_r
 .text._close_r
                0x0800a6bc       0x24 /Applications/ArmGNUToolchain/12.2.mpacbti-rel1/arm-none-eabi/bin/../lib/gcc/arm-none-eabi/12.2.1/../../../../arm-none-eabi/lib/thumb/v7-m/nofp/libg.a(libc_a-closer.o)
                0x0800a6bc                _close_r
 .text._fstat_r
                0x0800a6e0       0x28 /Applications/ArmGNUToolchain/12.2.mpacbti-rel1/arm-none-eabi/bin/../lib/gcc/arm-none-eabi/12.2.1/../../../../arm-none-eabi/lib/thumb/v7-m/nofp/libg.a(libc_a-fstatr.o)
                0x0800a6e0                _fstat_r
 .text._isatty_r
                0x0800a708       0x24 /Applications/ArmGNUToolchain/12.2.mpacbti-rel1/arm-none-eabi/bin/../lib/gcc/arm-none-eabi/12.2.1/../../../../arm-none-eabi/lib/thumb/v7-m/nofp/libg.a(libc_a-isattyr.o)
                0x0800a708                _isatty_r
 .text._lseek_r
                0x0800a72c       0x2c /Applications/ArmGNUToolchain/12.2.mpacbti-rel1/arm-none-eabi/bin/../lib/gcc/arm-none-eabi/12.2.1/../../../../arm-none-eabi/lib/thumb/v7-m/nofp/libg.a(libc_a-lseekr.o)
                0x0800a72c                _lseek_r
 .text._read_r  0x0800a758       0x2c /Applications/ArmGNUToolchain/12.2.mpacbti-rel1/arm-none-eabi/bin/../lib/gcc/arm-none-eabi/12.2.1/../../../../arm-none-eabi/lib/thumb/v7-m/nofp/libg.a(libc_a-readr.o)
                0x0800a758                _read_r
 .text._sbrk_r  0x0800a784       0x24 /Applications/ArmGNUToolchain/12.2.mpacbti-rel1/arm-none-eabi/bin/../lib/gcc/arm-none-eabi/12.2.1/../../../../arm-none-eabi/lib/thumb/v7-m/nofp/libg.a(libc_a-sbrkr.o)
                0x0800a784                _sbrk_r
 .text._write_r
                0x0800a7a8       0x2c /Applications/ArmGNUToolchain/12.2.mpacbti-rel1/arm-none-eabi/bin/../lib/gcc/arm-none-eabi/12.2.1/../../../../arm-none-eabi/lib/thumb/v7-m/nofp/libg.a(libc_a-writer.o)
                0x0800a7a8                _write_r
 .text.sysconf  0x0800a7d4       0x1c /Applications/ArmGNUToolchain/12.2.mpacbti-rel1/arm-none-eabi/bin/../lib/gcc/arm-none-eabi/12.2.1/../../../../arm-none-eabi/lib/thumb/v7-m/nofp/libg.a(libc_a-sysconf.o)
                0x0800a7d4                sysconf
 .text.__libc_fini_array
                0x0800a7f0       0x28 /Applications/ArmGNUToolchain/12.2.mpacbti-rel1/arm-none-eabi/bin/../lib/gcc/arm-none-eabi/12.2.1/../../../../arm-none-eabi/lib/thumb/v7-m/nofp/libg.a(libc_a-fini.o)
                0x0800a7f0                __libc_fini_array
 .text._wcsnrtombs_l
                0x0800a818       0xec /Applications/ArmGNUToolchain/12.2.mpacbti-rel1/arm-none-eabi/bin/../lib/gcc/arm-none-eabi/12.2.1/../../../../arm-none-eabi/lib/thumb/v7-m/nofp/libg.a(libc_a-wcsnrtombs.o)
                0x0800a818                _wcsnrtombs_l
 .text._wcsnrtombs_r
                0x0800a904       0x24 /Applications/ArmGNUToolchain/12.2.mpacbti-rel1/arm-none-eabi/bin/../lib/gcc/arm-none-eabi/12.2.1/../../../../arm-none-eabi/lib/thumb/v7-m/nofp/libg.a(libc_a-wcsnrtombs.o)
                0x0800a904                _wcsnrtombs_r
 .text.__register_exitproc
                0x0800a928       0x80 /Applications/ArmGNUToolchain/12.2.mpacbti-rel1/arm-none-eabi/bin/../lib/gcc/arm-none-eabi/12.2.1/../../../../arm-none-eabi/lib/thumb/v7-m/nofp/libg.a(libc_a-__atexit.o)
                0x0800a928                __register_exitproc
 .text.__assert_func
                0x0800a9a8       0x40 /Applications/ArmGNUToolchain/12.2.mpacbti-rel1/arm-none-eabi/bin/../lib/gcc/arm-none-eabi/12.2.1/../../../../arm-none-eabi/lib/thumb/v7-m/nofp/libg.a(libc_a-assert.o)
                0x0800a9a8                __assert_func
 .text._calloc_r
                0x0800a9e8       0x6c /Applications/ArmGNUToolchain/12.2.mpacbti-rel1/arm-none-eabi/bin/../lib/gcc/arm-none-eabi/12.2.1/../../../../arm-none-eabi/lib/thumb/v7-m/nofp/libg.a(libc_a-callocr.o)
                0x0800a9e8                _calloc_r
 .text.fiprintf
                0x0800aa54       0x28 /Applications/ArmGNUToolchain/12.2.mpacbti-rel1/arm-none-eabi/bin/../lib/gcc/arm-none-eabi/12.2.1/../../../../arm-none-eabi/lib/thumb/v7-m/nofp/libg.a(libc_a-fiprintf.o)
                0x0800aa54                fiprintf
 .text._getpid  0x0800aa7c       0x10 /Applications/ArmGNUToolchain/12.2.mpacbti-rel1/arm-none-eabi/bin/../lib/gcc/arm-none-eabi/12.2.1/../../../../arm-none-eabi/lib/thumb/v7-m/nofp/libnosys.a(getpid.o)
                0x0800aa7c                _getpid
 .text._kill    0x0800aa8c       0x10 /Applications/ArmGNUToolchain/12.2.mpacbti-rel1/arm-none-eabi/bin/../lib/gcc/arm-none-eabi/12.2.1/../../../../arm-none-eabi/lib/thumb/v7-m/nofp/libnosys.a(kill.o)
                0x0800aa8c                _kill
 .text._sbrk    0x0800aa9c       0x1c /Applications/ArmGNUToolchain/12.2.mpacbti-rel1/arm-none-eabi/bin/../lib/gcc/arm-none-eabi/12.2.1/../../../../arm-none-eabi/lib/thumb/v7-m/nofp/libnosys.a(sbrk.o)
                0x0800aa9c                _sbrk
 .text._exit    0x0800aab8        0x4 /Applications/ArmGNUToolchain/12.2.mpacbti-rel1/arm-none-eabi/bin/../lib/gcc/arm-none-eabi/12.2.1/../../../../arm-none-eabi/lib/thumb/v7-m/nofp/libnosys.a(_exit.o)
                0x0800aab8                _exit
 *(.glue_7)
 .glue_7        0x0800aabc        0x0 linker stubs
 *(.glue_7t)
 .glue_7t       0x0800aabc        0x0 linker stubs
 *(.eh_frame)
 .eh_frame      0x0800aabc        0x0 /Applications/ArmGNUToolchain/12.2.mpacbti-rel1/arm-none-eabi/bin/../lib/gcc/arm-none-eabi/12.2.1/thumb/v7-m/nofp/crtbegin.o
 *(.init)
 .init          0x0800aabc        0x4 /Applications/ArmGNUToolchain/12.2.mpacbti-rel1/arm-none-eabi/bin/../lib/gcc/arm-none-eabi/12.2.1/thumb/v7-m/nofp/crti.o
                0x0800aabc                _init
 .init          0x0800aac0        0x8 /Applications/ArmGNUToolchain/12.2.mpacbti-rel1/arm-none-eabi/bin/../lib/gcc/arm-none-eabi/12.2.1/thumb/v7-m/nofp/crtn.o
 *(.fini)
 .fini          0x0800aac8        0x4 /Applications/ArmGNUToolchain/12.2.mpacbti-rel1/arm-none-eabi/bin/../lib/gcc/arm-none-eabi/12.2.1/thumb/v7-m/nofp/crti.o
                0x0800aac8                _fini
 .fini          0x0800aacc        0x8 /Applications/ArmGNUToolchain/12.2.mpacbti-rel1/arm-none-eabi/bin/../lib/gcc/arm-none-eabi/12.2.1/thumb/v7-m/nofp/crtn.o
                0x0800aad4                        . = ALIGN (0x4)
                0x0800aad4                        _etext = .

.vfp11_veneer   0x0800aad4        0x0
 .vfp11_veneer  0x0800aad4        0x0 linker stubs

.v4_bx          0x0800aad4        0x0
 .v4_bx         0x0800aad4        0x0 linker stubs

.iplt           0x0800aad4        0x0
 .iplt          0x0800aad4        0x0 /Applications/ArmGNUToolchain/12.2.mpacbti-rel1/arm-none-eabi/bin/../lib/gcc/arm-none-eabi/12.2.1/thumb/v7-m/nofp/crtbegin.o

.rodata         0x0800aad8      0x440
                0x0800aad8                        . = ALIGN (0x4)
 *(.rodata)
 *(.rodata*)
 .rodata.APBPrescTable
                0x0800aad8        0x8 CMakeFiles/MEMS.elf.dir/Core/Src/system_stm32f1xx.c.obj
                0x0800aad8                APBPrescTable
 .rodata.AHBPrescTable
                0x0800aae0       0x10 CMakeFiles/MEMS.elf.dir/Core/Src/system_stm32f1xx.c.obj
                0x0800aae0                AHBPrescTable
 .rodata.HAL_RCC_ClockConfig.str1.4
                0x0800aaf0       0x11 CMakeFiles/MEMS.elf.dir/Drivers/STM32F1xx_HAL_Driver/Src/stm32f1xx_hal_rcc.c.obj
 *fill*         0x0800ab01        0x3 
 .rodata._ZN6AD56678sendDataENS_7COMMANDENS_7CHANNELEt.str1.4
                0x0800ab04        0x3 third-party/MCU_Libs/AD5667/libAD5667.a(AD5667.cpp.obj)
 *fill*         0x0800ab07        0x1 
 .rodata.CSWTCH.4
                0x0800ab08        0x4 third-party/MCU_Libs/AD5667/libAD5667.a(AD5667.cpp.obj)
 .rodata._vfprintf_r.str1.4
                0x0800ab0c       0x42 /Applications/ArmGNUToolchain/12.2.mpacbti-rel1/arm-none-eabi/bin/../lib/gcc/arm-none-eabi/12.2.1/../../../../arm-none-eabi/lib/thumb/v7-m/nofp/libg.a(libc_a-vfprintf.o)
 *fill*         0x0800ab4e        0x2 
 .rodata.zeroes.0
                0x0800ab50       0x10 /Applications/ArmGNUToolchain/12.2.mpacbti-rel1/arm-none-eabi/bin/../lib/gcc/arm-none-eabi/12.2.1/../../../../arm-none-eabi/lib/thumb/v7-m/nofp/libg.a(libc_a-vfprintf.o)
 .rodata.blanks.1
                0x0800ab60       0x10 /Applications/ArmGNUToolchain/12.2.mpacbti-rel1/arm-none-eabi/bin/../lib/gcc/arm-none-eabi/12.2.1/../../../../arm-none-eabi/lib/thumb/v7-m/nofp/libg.a(libc_a-vfprintf.o)
 .rodata._vfiprintf_r.str1.4
                0x0800ab70       0x2f /Applications/ArmGNUToolchain/12.2.mpacbti-rel1/arm-none-eabi/bin/../lib/gcc/arm-none-eabi/12.2.1/../../../../arm-none-eabi/lib/thumb/v7-m/nofp/libg.a(libc_a-vfiprintf.o)
 .rodata.zeroes.0
                0x0800ab70       0x10 /Applications/ArmGNUToolchain/12.2.mpacbti-rel1/arm-none-eabi/bin/../lib/gcc/arm-none-eabi/12.2.1/../../../../arm-none-eabi/lib/thumb/v7-m/nofp/libg.a(libc_a-vfiprintf.o)
 .rodata.blanks.1
                0x0800ab80       0x10 /Applications/ArmGNUToolchain/12.2.mpacbti-rel1/arm-none-eabi/bin/../lib/gcc/arm-none-eabi/12.2.1/../../../../arm-none-eabi/lib/thumb/v7-m/nofp/libg.a(libc_a-vfiprintf.o)
 .rodata.str1.4
                0x0800ab90       0x48 /Applications/ArmGNUToolchain/12.2.mpacbti-rel1/arm-none-eabi/bin/../lib/gcc/arm-none-eabi/12.2.1/../../../../arm-none-eabi/lib/thumb/v7-m/nofp/libg.a(libc_a-locale.o)
                                 0x4c (size before relaxing)
 .rodata._ctype_
                0x0800abd8      0x101 /Applications/ArmGNUToolchain/12.2.mpacbti-rel1/arm-none-eabi/bin/../lib/gcc/arm-none-eabi/12.2.1/../../../../arm-none-eabi/lib/thumb/v7-m/nofp/libg.a(libc_a-ctype_.o)
                0x0800abd8                _ctype_
 *fill*         0x0800acd9        0x3 
 .rodata._dtoa_r.str1.4
                0x0800acdc       0x8d /Applications/ArmGNUToolchain/12.2.mpacbti-rel1/arm-none-eabi/bin/../lib/gcc/arm-none-eabi/12.2.1/../../../../arm-none-eabi/lib/thumb/v7-m/nofp/libg.a(libc_a-dtoa.o)
                                 0x91 (size before relaxing)
 *fill*         0x0800ad69        0x3 
 .rodata.__multadd.str1.4
                0x0800ad6c       0x6a /Applications/ArmGNUToolchain/12.2.mpacbti-rel1/arm-none-eabi/bin/../lib/gcc/arm-none-eabi/12.2.1/../../../../arm-none-eabi/lib/thumb/v7-m/nofp/libg.a(libc_a-mprec.o)
                                 0x7e (size before relaxing)
 *fill*         0x0800add6        0x2 
 .rodata.p05.0  0x0800add8        0xc /Applications/ArmGNUToolchain/12.2.mpacbti-rel1/arm-none-eabi/bin/../lib/gcc/arm-none-eabi/12.2.1/../../../../arm-none-eabi/lib/thumb/v7-m/nofp/libg.a(libc_a-mprec.o)
 *fill*         0x0800ade4        0x4 
 .rodata.__mprec_bigtens
                0x0800ade8       0x28 /Applications/ArmGNUToolchain/12.2.mpacbti-rel1/arm-none-eabi/bin/../lib/gcc/arm-none-eabi/12.2.1/../../../../arm-none-eabi/lib/thumb/v7-m/nofp/libg.a(libc_a-mprec.o)
                0x0800ade8                __mprec_bigtens
 .rodata.__mprec_tens
                0x0800ae10       0xc8 /Applications/ArmGNUToolchain/12.2.mpacbti-rel1/arm-none-eabi/bin/../lib/gcc/arm-none-eabi/12.2.1/../../../../arm-none-eabi/lib/thumb/v7-m/nofp/libg.a(libc_a-mprec.o)
                0x0800ae10                __mprec_tens
 .rodata.__assert_func.str1.4
                0x0800aed8       0x3f /Applications/ArmGNUToolchain/12.2.mpacbti-rel1/arm-none-eabi/bin/../lib/gcc/arm-none-eabi/12.2.1/../../../../arm-none-eabi/lib/thumb/v7-m/nofp/libg.a(libc_a-assert.o)
                                 0x43 (size before relaxing)
                0x0800af18                        . = ALIGN (0x4)
 *fill*         0x0800af17        0x1 

.ARM.extab
 *(.ARM.extab* .gnu.linkonce.armextab.*)

.ARM            0x0800af18       0xf8
                0x0800af18                        __exidx_start = .
 *(.ARM.exidx*)
 .ARM.exidx     0x0800af18        0x8 /Applications/ArmGNUToolchain/12.2.mpacbti-rel1/arm-none-eabi/bin/../lib/gcc/arm-none-eabi/12.2.1/../../../../arm-none-eabi/lib/thumb/v7-m/nofp/libg.a(libc_a-memcpy.o)
 .ARM.exidx.text._ZN13MirrorcleMEMSC2ERK4GPIORK5TimerRK6AD5667
                0x0800af20        0x0 CMakeFiles/MEMS.elf.dir/Core/Src/MirrorcleMems.cpp.obj
                                  0x8 (size before relaxing)
 .ARM.exidx.text._ZN13MirrorcleMEMS5startEv
                0x0800af20       0x10 CMakeFiles/MEMS.elf.dir/Core/Src/MirrorcleMems.cpp.obj
                                  0x8 (size before relaxing)
 .ARM.exidx.text._Z18SystemClock_Configv
                0x0800af30        0x8 CMakeFiles/MEMS.elf.dir/Core/Src/main.cpp.obj
 .ARM.exidx.text.startup.main
                0x0800af38        0x8 CMakeFiles/MEMS.elf.dir/Core/Src/main.cpp.obj
 .ARM.exidx.text.HAL_TIM_PeriodElapsedCallback
                0x0800af40        0x8 CMakeFiles/MEMS.elf.dir/Core/Src/main.cpp.obj
 .ARM.exidx.text.Error_Handler
                0x0800af48        0x0 CMakeFiles/MEMS.elf.dir/Core/Src/main.cpp.obj
                                  0x8 (size before relaxing)
 .ARM.exidx.text.startup._GLOBAL__sub_I_updateLoopTimer
                0x0800af48        0x0 CMakeFiles/MEMS.elf.dir/Core/Src/main.cpp.obj
                                  0x8 (size before relaxing)
 .ARM.exidx.text._ZN5Timer10startTimerEv
                0x0800af48        0x8 third-party/MCU_Libs/Timer/libTimer.a(Timer.cpp.obj)
 .ARM.exidx.text._ZN5TimerC2EP17TIM_HandleTypeDefm
                0x0800af50        0x8 third-party/MCU_Libs/Timer/libTimer.a(Timer.cpp.obj)
 .ARM.exidx.text._ZeqPK17TIM_HandleTypeDefRK5Timer
                0x0800af58        0x8 third-party/MCU_Libs/Timer/libTimer.a(Timer.cpp.obj)
 .ARM.exidx.text._ZN5Timer12writePWMDutyEf
                0x0800af60        0x8 third-party/MCU_Libs/Timer/libTimer.a(Timer.cpp.obj)
 .ARM.exidx.text._ZN5Timer8startPWMEv
                0x0800af68        0x8 third-party/MCU_Libs/Timer/libTimer.a(Timer.cpp.obj)
 .ARM.exidx.text._ZN5TimerC2EP17TIM_HandleTypeDef
                0x0800af70        0x8 third-party/MCU_Libs/Timer/libTimer.a(Timer.cpp.obj)
 .ARM.exidx.text._ZN6AD5667C2EP17I2C_HandleTypeDefRK4GPIOS4_t
                0x0800af78        0x8 third-party/MCU_Libs/AD5667/libAD5667.a(AD5667.cpp.obj)
 .ARM.exidx.text._ZN6AD56678sendDataENS_7COMMANDENS_7CHANNELEt
                0x0800af80        0x8 third-party/MCU_Libs/AD5667/libAD5667.a(AD5667.cpp.obj)
 .ARM.exidx.text._ZN6AD566710sendSignalENS_7COMMANDENS_7CHANNELEf
                0x0800af88        0x8 third-party/MCU_Libs/AD5667/libAD5667.a(AD5667.cpp.obj)
 .ARM.exidx.text.selfrel_offset31
                0x0800af90        0x0 /Applications/ArmGNUToolchain/12.2.mpacbti-rel1/arm-none-eabi/bin/../lib/gcc/arm-none-eabi/12.2.1/thumb/v7-m/nofp/libgcc.a(unwind-arm.o)
                                  0x8 (size before relaxing)
 .ARM.exidx.text.search_EIT_table
                0x0800af90        0x0 /Applications/ArmGNUToolchain/12.2.mpacbti-rel1/arm-none-eabi/bin/../lib/gcc/arm-none-eabi/12.2.1/thumb/v7-m/nofp/libgcc.a(unwind-arm.o)
                                  0x8 (size before relaxing)
 .ARM.exidx.text.__gnu_unwind_get_pr_addr
                0x0800af90        0x0 /Applications/ArmGNUToolchain/12.2.mpacbti-rel1/arm-none-eabi/bin/../lib/gcc/arm-none-eabi/12.2.1/thumb/v7-m/nofp/libgcc.a(unwind-arm.o)
                                  0x8 (size before relaxing)
 .ARM.exidx.text.get_eit_entry
                0x0800af90        0x8 /Applications/ArmGNUToolchain/12.2.mpacbti-rel1/arm-none-eabi/bin/../lib/gcc/arm-none-eabi/12.2.1/thumb/v7-m/nofp/libgcc.a(unwind-arm.o)
 .ARM.exidx.text.restore_non_core_regs
                0x0800af98        0x8 /Applications/ArmGNUToolchain/12.2.mpacbti-rel1/arm-none-eabi/bin/../lib/gcc/arm-none-eabi/12.2.1/thumb/v7-m/nofp/libgcc.a(unwind-arm.o)
 .ARM.exidx.text._Unwind_decode_typeinfo_ptr.constprop.0
                0x0800afa0        0x8 /Applications/ArmGNUToolchain/12.2.mpacbti-rel1/arm-none-eabi/bin/../lib/gcc/arm-none-eabi/12.2.1/thumb/v7-m/nofp/libgcc.a(unwind-arm.o)
 .ARM.exidx.text._Unwind_DebugHook
                0x0800afa8        0x0 /Applications/ArmGNUToolchain/12.2.mpacbti-rel1/arm-none-eabi/bin/../lib/gcc/arm-none-eabi/12.2.1/thumb/v7-m/nofp/libgcc.a(unwind-arm.o)
                                  0x8 (size before relaxing)
 .ARM.exidx.text.unwind_phase2
                0x0800afa8        0x8 /Applications/ArmGNUToolchain/12.2.mpacbti-rel1/arm-none-eabi/bin/../lib/gcc/arm-none-eabi/12.2.1/thumb/v7-m/nofp/libgcc.a(unwind-arm.o)
 .ARM.exidx.text.unwind_phase2_forced
                0x0800afb0        0x8 /Applications/ArmGNUToolchain/12.2.mpacbti-rel1/arm-none-eabi/bin/../lib/gcc/arm-none-eabi/12.2.1/thumb/v7-m/nofp/libgcc.a(unwind-arm.o)
 .ARM.exidx.text.__gnu_Unwind_RaiseException
                0x0800afb8        0x8 /Applications/ArmGNUToolchain/12.2.mpacbti-rel1/arm-none-eabi/bin/../lib/gcc/arm-none-eabi/12.2.1/thumb/v7-m/nofp/libgcc.a(unwind-arm.o)
 .ARM.exidx.text.__gnu_Unwind_ForcedUnwind
                0x0800afc0        0x8 /Applications/ArmGNUToolchain/12.2.mpacbti-rel1/arm-none-eabi/bin/../lib/gcc/arm-none-eabi/12.2.1/thumb/v7-m/nofp/libgcc.a(unwind-arm.o)
 .ARM.exidx.text.__gnu_Unwind_Resume
                0x0800afc8        0x8 /Applications/ArmGNUToolchain/12.2.mpacbti-rel1/arm-none-eabi/bin/../lib/gcc/arm-none-eabi/12.2.1/thumb/v7-m/nofp/libgcc.a(unwind-arm.o)
 .ARM.exidx.text.__gnu_Unwind_Resume_or_Rethrow
                0x0800afd0        0x8 /Applications/ArmGNUToolchain/12.2.mpacbti-rel1/arm-none-eabi/bin/../lib/gcc/arm-none-eabi/12.2.1/thumb/v7-m/nofp/libgcc.a(unwind-arm.o)
 .ARM.exidx.text._Unwind_VRS_Get
                0x0800afd8        0x0 /Applications/ArmGNUToolchain/12.2.mpacbti-rel1/arm-none-eabi/bin/../lib/gcc/arm-none-eabi/12.2.1/thumb/v7-m/nofp/libgcc.a(unwind-arm.o)
                                  0x8 (size before relaxing)
 .ARM.exidx.text._Unwind_GetGR
                0x0800afd8        0x0 /Applications/ArmGNUToolchain/12.2.mpacbti-rel1/arm-none-eabi/bin/../lib/gcc/arm-none-eabi/12.2.1/thumb/v7-m/nofp/libgcc.a(unwind-arm.o)
                                  0x8 (size before relaxing)
 .ARM.exidx.text._Unwind_VRS_Set
                0x0800afd8        0x0 /Applications/ArmGNUToolchain/12.2.mpacbti-rel1/arm-none-eabi/bin/../lib/gcc/arm-none-eabi/12.2.1/thumb/v7-m/nofp/libgcc.a(unwind-arm.o)
                                  0x8 (size before relaxing)
 .ARM.exidx.text._Unwind_SetGR
                0x0800afd8        0x0 /Applications/ArmGNUToolchain/12.2.mpacbti-rel1/arm-none-eabi/bin/../lib/gcc/arm-none-eabi/12.2.1/thumb/v7-m/nofp/libgcc.a(unwind-arm.o)
                                  0x8 (size before relaxing)
 .ARM.exidx.text.__gnu_Unwind_Backtrace
                0x0800afd8        0x8 /Applications/ArmGNUToolchain/12.2.mpacbti-rel1/arm-none-eabi/bin/../lib/gcc/arm-none-eabi/12.2.1/thumb/v7-m/nofp/libgcc.a(unwind-arm.o)
 .ARM.exidx.text.__gnu_unwind_pr_common
                0x0800afe0        0x8 /Applications/ArmGNUToolchain/12.2.mpacbti-rel1/arm-none-eabi/bin/../lib/gcc/arm-none-eabi/12.2.1/thumb/v7-m/nofp/libgcc.a(unwind-arm.o)
 .ARM.exidx.text.__aeabi_unwind_cpp_pr0
                0x0800afe8        0x8 /Applications/ArmGNUToolchain/12.2.mpacbti-rel1/arm-none-eabi/bin/../lib/gcc/arm-none-eabi/12.2.1/thumb/v7-m/nofp/libgcc.a(unwind-arm.o)
 .ARM.exidx.text.__aeabi_unwind_cpp_pr1
                0x0800aff0        0x0 /Applications/ArmGNUToolchain/12.2.mpacbti-rel1/arm-none-eabi/bin/../lib/gcc/arm-none-eabi/12.2.1/thumb/v7-m/nofp/libgcc.a(unwind-arm.o)
                                  0x8 (size before relaxing)
 .ARM.exidx.text.__aeabi_unwind_cpp_pr2
                0x0800aff0        0x0 /Applications/ArmGNUToolchain/12.2.mpacbti-rel1/arm-none-eabi/bin/../lib/gcc/arm-none-eabi/12.2.1/thumb/v7-m/nofp/libgcc.a(unwind-arm.o)
                                  0x8 (size before relaxing)
 .ARM.exidx.text._Unwind_VRS_Pop
                0x0800aff0        0x8 /Applications/ArmGNUToolchain/12.2.mpacbti-rel1/arm-none-eabi/bin/../lib/gcc/arm-none-eabi/12.2.1/thumb/v7-m/nofp/libgcc.a(unwind-arm.o)
 .ARM.exidx.text.next_unwind_byte
                0x0800aff8        0x8 /Applications/ArmGNUToolchain/12.2.mpacbti-rel1/arm-none-eabi/bin/../lib/gcc/arm-none-eabi/12.2.1/thumb/v7-m/nofp/libgcc.a(pr-support.o)
 .ARM.exidx.text.__gnu_unwind_execute
                0x0800b000       0x10 /Applications/ArmGNUToolchain/12.2.mpacbti-rel1/arm-none-eabi/bin/../lib/gcc/arm-none-eabi/12.2.1/thumb/v7-m/nofp/libgcc.a(pr-support.o)
                                  0x8 (size before relaxing)
                0x0800b010                        __exidx_end = .

.rel.dyn        0x0800b010        0x0
 .rel.iplt      0x0800b010        0x0 /Applications/ArmGNUToolchain/12.2.mpacbti-rel1/arm-none-eabi/bin/../lib/gcc/arm-none-eabi/12.2.1/thumb/v7-m/nofp/crtbegin.o

.preinit_array  0x0800b010        0x0
                0x0800b010                        PROVIDE (__preinit_array_start = .)
 *(.preinit_array*)
                0x0800b010                        PROVIDE (__preinit_array_end = .)

.init_array     0x0800b010        0xc
                0x0800b010                        PROVIDE (__init_array_start = .)
 *(SORT_BY_NAME(.init_array.*))
 .init_array.00000
                0x0800b010        0x4 /Applications/ArmGNUToolchain/12.2.mpacbti-rel1/arm-none-eabi/bin/../lib/gcc/arm-none-eabi/12.2.1/../../../../arm-none-eabi/lib/thumb/v7-m/nofp/libg.a(libc_a-__call_atexit.o)
 *(.init_array*)
 .init_array    0x0800b014        0x4 /Applications/ArmGNUToolchain/12.2.mpacbti-rel1/arm-none-eabi/bin/../lib/gcc/arm-none-eabi/12.2.1/thumb/v7-m/nofp/crtbegin.o
 .init_array    0x0800b018        0x4 CMakeFiles/MEMS.elf.dir/Core/Src/main.cpp.obj
                0x0800b01c                        PROVIDE (__init_array_end = .)

.fini_array     0x0800b01c        0x4
                0x0800b01c                        PROVIDE (__fini_array_start = .)
 *(SORT_BY_NAME(.fini_array.*))
 *(.fini_array*)
 .fini_array    0x0800b01c        0x4 /Applications/ArmGNUToolchain/12.2.mpacbti-rel1/arm-none-eabi/bin/../lib/gcc/arm-none-eabi/12.2.1/thumb/v7-m/nofp/crtbegin.o
                0x0800b020                        PROVIDE (__fini_array_end = .)
                0x0800b020                        _sidata = LOADADDR (.data)

.data           0x20000000      0x6c0 load address 0x0800b020
                0x20000000                        . = ALIGN (0x4)
                0x20000000                        _sdata = .
 *(.data)
 *(.data*)
 .data.SystemCoreClock
                0x20000000        0x4 CMakeFiles/MEMS.elf.dir/Core/Src/system_stm32f1xx.c.obj
                0x20000000                SystemCoreClock
 .data.uwTickFreq
                0x20000004        0x1 CMakeFiles/MEMS.elf.dir/Drivers/STM32F1xx_HAL_Driver/Src/stm32f1xx_hal.c.obj
                0x20000004                uwTickFreq
 *fill*         0x20000005        0x3 
 .data.uwTickPrio
                0x20000008        0x4 CMakeFiles/MEMS.elf.dir/Drivers/STM32F1xx_HAL_Driver/Src/stm32f1xx_hal.c.obj
                0x20000008                uwTickPrio
 .data.__sglue  0x2000000c        0xc /Applications/ArmGNUToolchain/12.2.mpacbti-rel1/arm-none-eabi/bin/../lib/gcc/arm-none-eabi/12.2.1/../../../../arm-none-eabi/lib/thumb/v7-m/nofp/libg.a(libc_a-findfp.o)
                0x2000000c                __sglue
 .data.__global_locale
                0x20000018      0x16c /Applications/ArmGNUToolchain/12.2.mpacbti-rel1/arm-none-eabi/bin/../lib/gcc/arm-none-eabi/12.2.1/../../../../arm-none-eabi/lib/thumb/v7-m/nofp/libg.a(libc_a-locale.o)
                0x20000018                __global_locale
 .data._impure_ptr
                0x20000184        0x4 /Applications/ArmGNUToolchain/12.2.mpacbti-rel1/arm-none-eabi/bin/../lib/gcc/arm-none-eabi/12.2.1/../../../../arm-none-eabi/lib/thumb/v7-m/nofp/libg.a(libc_a-impure.o)
                0x20000184                _impure_ptr
 .data._impure_data
                0x20000188      0x120 /Applications/ArmGNUToolchain/12.2.mpacbti-rel1/arm-none-eabi/bin/../lib/gcc/arm-none-eabi/12.2.1/../../../../arm-none-eabi/lib/thumb/v7-m/nofp/libg.a(libc_a-impure.o)
                0x20000188                _impure_data
 .data.__atexit_recursive_mutex
                0x200002a8        0x4 /Applications/ArmGNUToolchain/12.2.mpacbti-rel1/arm-none-eabi/bin/../lib/gcc/arm-none-eabi/12.2.1/../../../../arm-none-eabi/lib/thumb/v7-m/nofp/libg.a(libc_a-__call_atexit.o)
                0x200002a8                __atexit_recursive_mutex
 .data.__malloc_sbrk_base
                0x200002ac        0x4 /Applications/ArmGNUToolchain/12.2.mpacbti-rel1/arm-none-eabi/bin/../lib/gcc/arm-none-eabi/12.2.1/../../../../arm-none-eabi/lib/thumb/v7-m/nofp/libg.a(libc_a-mallocr.o)
                0x200002ac                __malloc_sbrk_base
 .data.__malloc_trim_threshold
                0x200002b0        0x4 /Applications/ArmGNUToolchain/12.2.mpacbti-rel1/arm-none-eabi/bin/../lib/gcc/arm-none-eabi/12.2.1/../../../../arm-none-eabi/lib/thumb/v7-m/nofp/libg.a(libc_a-mallocr.o)
                0x200002b0                __malloc_trim_threshold
 *fill*         0x200002b4        0x4 
 .data.__malloc_av_
                0x200002b8      0x408 /Applications/ArmGNUToolchain/12.2.mpacbti-rel1/arm-none-eabi/bin/../lib/gcc/arm-none-eabi/12.2.1/../../../../arm-none-eabi/lib/thumb/v7-m/nofp/libg.a(libc_a-mallocr.o)
                0x200002b8                __malloc_av_
                0x200006c0                        . = ALIGN (0x4)
                0x200006c0                        _edata = .

.tm_clone_table
                0x200006c0        0x0 load address 0x0800b6e0
 .tm_clone_table
                0x200006c0        0x0 /Applications/ArmGNUToolchain/12.2.mpacbti-rel1/arm-none-eabi/bin/../lib/gcc/arm-none-eabi/12.2.1/thumb/v7-m/nofp/crtbegin.o
 .tm_clone_table
                0x200006c0        0x0 /Applications/ArmGNUToolchain/12.2.mpacbti-rel1/arm-none-eabi/bin/../lib/gcc/arm-none-eabi/12.2.1/thumb/v7-m/nofp/crtend.o

.igot.plt       0x200006c0        0x0 load address 0x0800b6e0
 .igot.plt      0x200006c0        0x0 /Applications/ArmGNUToolchain/12.2.mpacbti-rel1/arm-none-eabi/bin/../lib/gcc/arm-none-eabi/12.2.1/thumb/v7-m/nofp/crtbegin.o
                0x200006c0                        . = ALIGN (0x4)

.bss            0x200006c0      0x51c load address 0x0800b6e0
                0x200006c0                        _sbss = .
                0x200006c0                        __bss_start__ = _sbss
 *(.bss)
 *(.bss*)
 .bss.completed.1
                0x200006c0        0x1 /Applications/ArmGNUToolchain/12.2.mpacbti-rel1/arm-none-eabi/bin/../lib/gcc/arm-none-eabi/12.2.1/thumb/v7-m/nofp/crtbegin.o
 *fill*         0x200006c1        0x3 
 .bss.object.0  0x200006c4       0x18 /Applications/ArmGNUToolchain/12.2.mpacbti-rel1/arm-none-eabi/bin/../lib/gcc/arm-none-eabi/12.2.1/thumb/v7-m/nofp/crtbegin.o
 *fill*         0x200006dc        0x4 
 .bss.hi2c1     0x200006e0       0x54 CMakeFiles/MEMS.elf.dir/Core/Src/i2c.c.obj
                0x200006e0                hi2c1
 .bss.LED_GPIO  0x20000734        0x8 CMakeFiles/MEMS.elf.dir/Core/Src/main.cpp.obj
                0x20000734                LED_GPIO
 .bss.mirrorcleMems
                0x2000073c       0x3c CMakeFiles/MEMS.elf.dir/Core/Src/main.cpp.obj
                0x2000073c                mirrorcleMems
 .bss.updateLoopTimer
                0x20000778       0x18 CMakeFiles/MEMS.elf.dir/Core/Src/main.cpp.obj
                0x20000778                updateLoopTimer
 .bss.hspi1     0x20000790       0x58 CMakeFiles/MEMS.elf.dir/Core/Src/spi.c.obj
                0x20000790                hspi1
 .bss.htim3     0x200007e8       0x48 CMakeFiles/MEMS.elf.dir/Core/Src/tim.c.obj
                0x200007e8                htim3
 .bss.htim2     0x20000830       0x48 CMakeFiles/MEMS.elf.dir/Core/Src/tim.c.obj
                0x20000830                htim2
 .bss.huart1    0x20000878       0x44 CMakeFiles/MEMS.elf.dir/Core/Src/usart.c.obj
                0x20000878                huart1
 .bss.uwTick    0x200008bc        0x4 CMakeFiles/MEMS.elf.dir/Drivers/STM32F1xx_HAL_Driver/Src/stm32f1xx_hal.c.obj
                0x200008bc                uwTick
 .bss.gHuart    0x200008c0        0x4 third-party/MCU_Libs/retarget/libretarget.a(retarget.c.obj)
                0x200008c0                gHuart
 .bss.__sf      0x200008c4      0x138 /Applications/ArmGNUToolchain/12.2.mpacbti-rel1/arm-none-eabi/bin/../lib/gcc/arm-none-eabi/12.2.1/../../../../arm-none-eabi/lib/thumb/v7-m/nofp/libg.a(libc_a-findfp.o)
                0x200008c4                __sf
 .bss.__stdio_exit_handler
                0x200009fc        0x4 /Applications/ArmGNUToolchain/12.2.mpacbti-rel1/arm-none-eabi/bin/../lib/gcc/arm-none-eabi/12.2.1/../../../../arm-none-eabi/lib/thumb/v7-m/nofp/libg.a(libc_a-findfp.o)
                0x200009fc                __stdio_exit_handler
 .bss.__lock___malloc_recursive_mutex
                0x20000a00        0x1 /Applications/ArmGNUToolchain/12.2.mpacbti-rel1/arm-none-eabi/bin/../lib/gcc/arm-none-eabi/12.2.1/../../../../arm-none-eabi/lib/thumb/v7-m/nofp/libg.a(libc_a-lock.o)
                0x20000a00                __lock___malloc_recursive_mutex
 *fill*         0x20000a01        0x3 
 .bss.__lock___atexit_recursive_mutex
                0x20000a04        0x1 /Applications/ArmGNUToolchain/12.2.mpacbti-rel1/arm-none-eabi/bin/../lib/gcc/arm-none-eabi/12.2.1/../../../../arm-none-eabi/lib/thumb/v7-m/nofp/libg.a(libc_a-lock.o)
                0x20000a04                __lock___atexit_recursive_mutex
 *fill*         0x20000a05        0x3 
 .bss.__lock___sfp_recursive_mutex
                0x20000a08        0x1 /Applications/ArmGNUToolchain/12.2.mpacbti-rel1/arm-none-eabi/bin/../lib/gcc/arm-none-eabi/12.2.1/../../../../arm-none-eabi/lib/thumb/v7-m/nofp/libg.a(libc_a-lock.o)
                0x20000a08                __lock___sfp_recursive_mutex
 *fill*         0x20000a09        0x3 
 .bss.__atexit  0x20000a0c        0x4 /Applications/ArmGNUToolchain/12.2.mpacbti-rel1/arm-none-eabi/bin/../lib/gcc/arm-none-eabi/12.2.1/../../../../arm-none-eabi/lib/thumb/v7-m/nofp/libg.a(libc_a-__call_atexit.o)
                0x20000a0c                __atexit
 .bss.__malloc_current_mallinfo
                0x20000a10       0x28 /Applications/ArmGNUToolchain/12.2.mpacbti-rel1/arm-none-eabi/bin/../lib/gcc/arm-none-eabi/12.2.1/../../../../arm-none-eabi/lib/thumb/v7-m/nofp/libg.a(libc_a-mallocr.o)
                0x20000a10                __malloc_current_mallinfo
 .bss.__malloc_max_total_mem
                0x20000a38        0x4 /Applications/ArmGNUToolchain/12.2.mpacbti-rel1/arm-none-eabi/bin/../lib/gcc/arm-none-eabi/12.2.1/../../../../arm-none-eabi/lib/thumb/v7-m/nofp/libg.a(libc_a-mallocr.o)
                0x20000a38                __malloc_max_total_mem
 .bss.__malloc_max_sbrked_mem
                0x20000a3c        0x4 /Applications/ArmGNUToolchain/12.2.mpacbti-rel1/arm-none-eabi/bin/../lib/gcc/arm-none-eabi/12.2.1/../../../../arm-none-eabi/lib/thumb/v7-m/nofp/libg.a(libc_a-mallocr.o)
                0x20000a3c                __malloc_max_sbrked_mem
 .bss.__malloc_top_pad
                0x20000a40        0x4 /Applications/ArmGNUToolchain/12.2.mpacbti-rel1/arm-none-eabi/bin/../lib/gcc/arm-none-eabi/12.2.1/../../../../arm-none-eabi/lib/thumb/v7-m/nofp/libg.a(libc_a-mallocr.o)
                0x20000a40                __malloc_top_pad
 .bss.errno     0x20000a44        0x4 /Applications/ArmGNUToolchain/12.2.mpacbti-rel1/arm-none-eabi/bin/../lib/gcc/arm-none-eabi/12.2.1/../../../../arm-none-eabi/lib/thumb/v7-m/nofp/libg.a(libc_a-reent.o)
                0x20000a44                errno
 .bss.__atexit0
                0x20000a48      0x190 /Applications/ArmGNUToolchain/12.2.mpacbti-rel1/arm-none-eabi/bin/../lib/gcc/arm-none-eabi/12.2.1/../../../../arm-none-eabi/lib/thumb/v7-m/nofp/libg.a(libc_a-__atexit.o)
                0x20000a48                __atexit0
 .bss.heap_end.0
                0x20000bd8        0x4 /Applications/ArmGNUToolchain/12.2.mpacbti-rel1/arm-none-eabi/bin/../lib/gcc/arm-none-eabi/12.2.1/../../../../arm-none-eabi/lib/thumb/v7-m/nofp/libnosys.a(sbrk.o)
 *(COMMON)
                0x20000bdc                        . = ALIGN (0x4)
                0x20000bdc                        _ebss = .
                0x20000bdc                        __bss_end__ = _ebss

._user_heap_stack
                0x20000bdc      0x604 load address 0x0800b6e0
                0x20000be0                        . = ALIGN (0x8)
 *fill*         0x20000bdc        0x4 
                0x20000be0                        PROVIDE (end = .)
                [!provide]                        PROVIDE (_end = .)
                0x20000de0                        . = (. + _Min_Heap_Size)
 *fill*         0x20000be0      0x200 
                0x200011e0                        . = (. + _Min_Stack_Size)
 *fill*         0x20000de0      0x400 
                0x200011e0                        . = ALIGN (0x8)

/DISCARD/
 libc.a(*)
 libm.a(*)
 libgcc.a(*)

.ARM.attributes
                0x00000000       0x29
 *(.ARM.attributes)
 .ARM.attributes
                0x00000000       0x1d /Applications/ArmGNUToolchain/12.2.mpacbti-rel1/arm-none-eabi/bin/../lib/gcc/arm-none-eabi/12.2.1/thumb/v7-m/nofp/crti.o
 .ARM.attributes
                0x0000001d       0x2d /Applications/ArmGNUToolchain/12.2.mpacbti-rel1/arm-none-eabi/bin/../lib/gcc/arm-none-eabi/12.2.1/thumb/v7-m/nofp/crtbegin.o
 .ARM.attributes
                0x0000004a       0x29 CMakeFiles/MEMS.elf.dir/Core/Src/MirrorcleMems.cpp.obj
 .ARM.attributes
                0x00000073       0x29 CMakeFiles/MEMS.elf.dir/Core/Src/gpio.c.obj
 .ARM.attributes
                0x0000009c       0x29 CMakeFiles/MEMS.elf.dir/Core/Src/i2c.c.obj
 .ARM.attributes
                0x000000c5       0x29 CMakeFiles/MEMS.elf.dir/Core/Src/main.cpp.obj
 .ARM.attributes
                0x000000ee       0x29 CMakeFiles/MEMS.elf.dir/Core/Src/spi.c.obj
 .ARM.attributes
                0x00000117       0x29 CMakeFiles/MEMS.elf.dir/Core/Src/stm32f1xx_hal_msp.c.obj
 .ARM.attributes
                0x00000140       0x29 CMakeFiles/MEMS.elf.dir/Core/Src/stm32f1xx_it.c.obj
 .ARM.attributes
                0x00000169       0x29 CMakeFiles/MEMS.elf.dir/Core/Src/system_stm32f1xx.c.obj
 .ARM.attributes
                0x00000192       0x29 CMakeFiles/MEMS.elf.dir/Core/Src/tim.c.obj
 .ARM.attributes
                0x000001bb       0x29 CMakeFiles/MEMS.elf.dir/Core/Src/usart.c.obj
 .ARM.attributes
                0x000001e4       0x29 CMakeFiles/MEMS.elf.dir/Drivers/STM32F1xx_HAL_Driver/Src/stm32f1xx_hal.c.obj
 .ARM.attributes
                0x0000020d       0x29 CMakeFiles/MEMS.elf.dir/Drivers/STM32F1xx_HAL_Driver/Src/stm32f1xx_hal_cortex.c.obj
 .ARM.attributes
                0x00000236       0x29 CMakeFiles/MEMS.elf.dir/Drivers/STM32F1xx_HAL_Driver/Src/stm32f1xx_hal_gpio.c.obj
 .ARM.attributes
                0x0000025f       0x29 CMakeFiles/MEMS.elf.dir/Drivers/STM32F1xx_HAL_Driver/Src/stm32f1xx_hal_i2c.c.obj
 .ARM.attributes
                0x00000288       0x29 CMakeFiles/MEMS.elf.dir/Drivers/STM32F1xx_HAL_Driver/Src/stm32f1xx_hal_rcc.c.obj
 .ARM.attributes
                0x000002b1       0x29 CMakeFiles/MEMS.elf.dir/Drivers/STM32F1xx_HAL_Driver/Src/stm32f1xx_hal_spi.c.obj
 .ARM.attributes
                0x000002da       0x29 CMakeFiles/MEMS.elf.dir/Drivers/STM32F1xx_HAL_Driver/Src/stm32f1xx_hal_tim.c.obj
 .ARM.attributes
                0x00000303       0x29 CMakeFiles/MEMS.elf.dir/Drivers/STM32F1xx_HAL_Driver/Src/stm32f1xx_hal_tim_ex.c.obj
 .ARM.attributes
                0x0000032c       0x29 CMakeFiles/MEMS.elf.dir/Drivers/STM32F1xx_HAL_Driver/Src/stm32f1xx_hal_uart.c.obj
 .ARM.attributes
                0x00000355       0x21 CMakeFiles/MEMS.elf.dir/startup/startup_stm32f103xb.s.obj
 .ARM.attributes
                0x00000376       0x29 third-party/MCU_Libs/retarget/libretarget.a(retarget.c.obj)
 .ARM.attributes
                0x0000039f       0x29 third-party/MCU_Libs/Timer/libTimer.a(Timer.cpp.obj)
 .ARM.attributes
                0x000003c8       0x29 third-party/MCU_Libs/AD5667/libAD5667.a(AD5667.cpp.obj)
 .ARM.attributes
                0x000003f1       0x1d /Applications/ArmGNUToolchain/12.2.mpacbti-rel1/arm-none-eabi/bin/../lib/gcc/arm-none-eabi/12.2.1/thumb/v7-m/nofp/libgcc.a(_arm_mulsf3.o)
 .ARM.attributes
                0x0000040e       0x1d /Applications/ArmGNUToolchain/12.2.mpacbti-rel1/arm-none-eabi/bin/../lib/gcc/arm-none-eabi/12.2.1/thumb/v7-m/nofp/libgcc.a(_arm_addsubdf3.o)
 .ARM.attributes
                0x0000042b       0x1d /Applications/ArmGNUToolchain/12.2.mpacbti-rel1/arm-none-eabi/bin/../lib/gcc/arm-none-eabi/12.2.1/thumb/v7-m/nofp/libgcc.a(_arm_muldivdf3.o)
 .ARM.attributes